Component: ARM Compiler 5.06 update 7 (build 960) Tool: armlink [4d3601]

==============================================================================

Section Cross References

    startup_stm32f103xe.o(RESET) refers to startup_stm32f103xe.o(STACK) for __initial_sp
    startup_stm32f103xe.o(RESET) refers to startup_stm32f103xe.o(.text) for Reset_Handler
    startup_stm32f103xe.o(RESET) refers to stm32f1xx_it.o(i.NMI_Handler) for NMI_Handler
    startup_stm32f103xe.o(RESET) refers to stm32f1xx_it.o(i.HardFault_Handler) for HardFault_Handler
    startup_stm32f103xe.o(RESET) refers to stm32f1xx_it.o(i.MemManage_Handler) for MemManage_Handler
    startup_stm32f103xe.o(RESET) refers to stm32f1xx_it.o(i.BusFault_Handler) for BusFault_Handler
    startup_stm32f103xe.o(RESET) refers to stm32f1xx_it.o(i.UsageFault_Handler) for UsageFault_Handler
    startup_stm32f103xe.o(RESET) refers to port.o(.emb_text) for SVC_Handler
    startup_stm32f103xe.o(RESET) refers to stm32f1xx_it.o(i.DebugMon_Handler) for DebugMon_Handler
    startup_stm32f103xe.o(RESET) refers to stm32f1xx_it.o(i.SysTick_Handler) for SysTick_Handler
    startup_stm32f103xe.o(RESET) refers to stm32f1xx_it.o(i.EXTI9_5_IRQHandler) for EXTI9_5_IRQHandler
    startup_stm32f103xe.o(RESET) refers to stm32f1xx_it.o(i.TIM2_IRQHandler) for TIM2_IRQHandler
    startup_stm32f103xe.o(RESET) refers to stm32f1xx_it.o(i.EXTI15_10_IRQHandler) for EXTI15_10_IRQHandler
    startup_stm32f103xe.o(RESET) refers to stm32f1xx_it.o(i.TIM7_IRQHandler) for TIM7_IRQHandler
    startup_stm32f103xe.o(.text) refers to system_stm32f1xx.o(i.SystemInit) for SystemInit
    startup_stm32f103xe.o(.text) refers to entry.o(.ARM.Collect$$$$00000000) for __main
    freertos_demo.o(i.freertos_start) refers to tasks.o(i.xTaskCreate) for xTaskCreate
    freertos_demo.o(i.freertos_start) refers to tasks.o(i.vTaskStartScheduler) for vTaskStartScheduler
    freertos_demo.o(i.freertos_start) refers to freertos_demo.o(.data) for .data
    freertos_demo.o(i.freertos_start) refers to freertos_demo.o(i.start_task) for start_task
    freertos_demo.o(i.start_task) refers to port.o(i.vPortEnterCritical) for vPortEnterCritical
    freertos_demo.o(i.start_task) refers to tasks.o(i.xTaskCreate) for xTaskCreate
    freertos_demo.o(i.start_task) refers to tasks.o(i.vTaskDelete) for vTaskDelete
    freertos_demo.o(i.start_task) refers to port.o(i.vPortExitCritical) for vPortExitCritical
    freertos_demo.o(i.start_task) refers to freertos_demo.o(.data) for .data
    freertos_demo.o(i.start_task) refers to freertos_demo.o(i.task1) for task1
    freertos_demo.o(i.start_task) refers to freertos_demo.o(i.task2) for task2
    freertos_demo.o(i.task1) refers to printf8.o(i.__0printf$8) for __2printf
    freertos_demo.o(i.task1) refers to stm32f1xx_hal_gpio.o(i.HAL_GPIO_TogglePin) for HAL_GPIO_TogglePin
    freertos_demo.o(i.task1) refers to tasks.o(i.vTaskDelay) for vTaskDelay
    freertos_demo.o(i.task2) refers to tasks.o(i.uxTaskPriorityGet) for uxTaskPriorityGet
    freertos_demo.o(i.task2) refers to printf8.o(i.__0printf$8) for __2printf
    freertos_demo.o(i.task2) refers to tasks.o(i.vTaskPrioritySet) for vTaskPrioritySet
    freertos_demo.o(i.task2) refers to tasks.o(i.uxTaskGetNumberOfTasks) for uxTaskGetNumberOfTasks
    freertos_demo.o(i.task2) refers to heap_4.o(i.pvPortMalloc) for pvPortMalloc
    freertos_demo.o(i.task2) refers to tasks.o(i.uxTaskGetSystemState) for uxTaskGetSystemState
    freertos_demo.o(i.task2) refers to tasks.o(i.vTaskGetInfo) for vTaskGetInfo
    freertos_demo.o(i.task2) refers to tasks.o(i.xTaskGetCurrentTaskHandle) for xTaskGetCurrentTaskHandle
    freertos_demo.o(i.task2) refers to tasks.o(i.xTaskGetHandle) for xTaskGetHandle
    freertos_demo.o(i.task2) refers to tasks.o(i.uxTaskGetStackHighWaterMark) for uxTaskGetStackHighWaterMark
    freertos_demo.o(i.task2) refers to tasks.o(i.eTaskGetState) for eTaskGetState
    freertos_demo.o(i.task2) refers to tasks.o(i.vTaskListTasks) for vTaskListTasks
    freertos_demo.o(i.task2) refers to tasks.o(i.vTaskGetRunTimeStatistics) for vTaskGetRunTimeStatistics
    freertos_demo.o(i.task2) refers to tasks.o(i.vTaskDelay) for vTaskDelay
    freertos_demo.o(i.task2) refers to freertos_demo.o(.data) for .data
    freertos_demo.o(i.task2) refers to freertos_demo.o(.conststring) for .conststring
    main.o(i.HAL_TIM_PeriodElapsedCallback) refers to stm32f1xx_hal.o(i.HAL_IncTick) for HAL_IncTick
    main.o(i.HAL_TIM_PeriodElapsedCallback) refers to main.o(.data) for .data
    main.o(i.SystemClock_Config) refers to memseta.o(.text) for __aeabi_memclr4
    main.o(i.SystemClock_Config) refers to stm32f1xx_hal_rcc.o(i.HAL_RCC_OscConfig) for HAL_RCC_OscConfig
    main.o(i.SystemClock_Config) refers to stm32f1xx_hal_rcc.o(i.HAL_RCC_ClockConfig) for HAL_RCC_ClockConfig
    main.o(i.main) refers to stm32f1xx_hal.o(i.HAL_Init) for HAL_Init
[...]
    Removing stm32f1xx_hal_uart.o(i.UART_DMATxAbortCallback), (44 bytes).
    Removing stm32f1xx_hal_uart.o(i.UART_DMATxHalfCplt), (10 bytes).
    Removing stm32f1xx_hal_uart.o(i.UART_DMATxOnlyAbortCallback), (20 bytes).
    Removing stm32f1xx_hal_uart.o(i.UART_EndTxTransfer), (28 bytes).
    Removing stm32f1xx_hal_uart.o(i.UART_Receive_IT), (194 bytes).
    Removing stm32f1xx_hal_uart.o(i.UART_Start_Receive_DMA), (144 bytes).
    Removing stm32f1xx_hal_uart.o(i.UART_Start_Receive_IT), (54 bytes).
    Removing system_stm32f1xx.o(.rev16_text), (4 bytes).
    Removing system_stm32f1xx.o(.revsh_text), (4 bytes).
    Removing system_stm32f1xx.o(.rrx_text), (6 bytes).
    Removing system_stm32f1xx.o(i.SystemCoreClockUpdate), (104 bytes).
    Removing heap_4.o(i.pvPortCalloc), (38 bytes).
    Removing heap_4.o(i.vPortGetHeapStats), (108 bytes).
    Removing heap_4.o(i.vPortHeapResetState), (20 bytes).
    Removing heap_4.o(i.vPortInitialiseBlocks), (2 bytes).
    Removing heap_4.o(i.xPortGetFreeHeapSize), (12 bytes).
    Removing heap_4.o(i.xPortGetMinimumEverFreeHeapSize), (12 bytes).
    Removing heap_4.o(i.xPortResetHeapMinimumEverFreeHeapSize), (12 bytes).
    Removing port.o(i.vPortEndScheduler), (2 bytes).
    Removing event_groups.o(i.prvTestWaitCondition), (20 bytes).
    Removing event_groups.o(i.uxEventGroupGetNumber), (8 bytes).
    Removing event_groups.o(i.vEventGroupClearBitsCallback), (4 bytes).
    Removing event_groups.o(i.vEventGroupDelete), (44 bytes).
    Removing event_groups.o(i.vEventGroupSetBitsCallback), (4 bytes).
    Removing event_groups.o(i.vEventGroupSetNumber), (4 bytes).
    Removing event_groups.o(i.xEventGroupClearBits), (26 bytes).
    Removing event_groups.o(i.xEventGroupCreate), (26 bytes).
    Removing event_groups.o(i.xEventGroupGetBitsFromISR), (26 bytes).
    Removing event_groups.o(i.xEventGroupSetBits), (100 bytes).
    Removing event_groups.o(i.xEventGroupSync), (140 bytes).
    Removing event_groups.o(i.xEventGroupWaitBits), (176 bytes).
    Removing queue.o(i.prvCopyDataFromQueue), (38 bytes).
    Removing queue.o(i.prvCopyDataToQueue), (90 bytes).
    Removing queue.o(i.prvIsQueueEmpty), (28 bytes).
    Removing queue.o(i.prvUnlockQueue), (106 bytes).
    Removing queue.o(i.ucQueueGetQueueType), (6 bytes).
    Removing queue.o(i.uxQueueGetQueueItemSize), (4 bytes).
    Removing queue.o(i.uxQueueGetQueueLength), (4 bytes).
    Removing queue.o(i.uxQueueGetQueueNumber), (4 bytes).
    Removing queue.o(i.uxQueueMessagesWaiting), (18 bytes).
    Removing queue.o(i.uxQueueMessagesWaitingFromISR), (4 bytes).
    Removing queue.o(i.uxQueueSpacesAvailable), (22 bytes).
    Removing queue.o(i.vQueueDelete), (4 bytes).
    Removing queue.o(i.vQueueSetQueueNumber), (4 bytes).
    Removing queue.o(i.xQueueGenericCreate), (80 bytes).
    Removing queue.o(i.xQueueGenericReset), (148 bytes).
    Removing queue.o(i.xQueueGenericSend), (248 bytes).
    Removing queue.o(i.xQueueGenericSendFromISR), (112 bytes).
    Removing queue.o(i.xQueueGiveFromISR), (102 bytes).
    Removing queue.o(i.xQueueIsQueueEmptyFromISR), (12 bytes).
    Removing queue.o(i.xQueueIsQueueFullFromISR), (16 bytes).
    Removing queue.o(i.xQueuePeek), (232 bytes).
    Removing queue.o(i.xQueuePeekFromISR), (44 bytes).
    Removing queue.o(i.xQueueReceive), (240 bytes).
    Removing queue.o(i.xQueueReceiveFromISR), (108 bytes).
    Removing queue.o(i.xQueueSemaphoreTake), (224 bytes).
    Removing stream_buffer.o(i.prvBytesInBuffer), (18 bytes).
    Removing stream_buffer.o(i.prvInitialiseNewStreamBuffer), (40 bytes).
    Removing stream_buffer.o(i.prvReadBytesFromBuffer), (64 bytes).
    Removing stream_buffer.o(i.prvReadMessageFromBuffer), (68 bytes).
    Removing stream_buffer.o(i.prvWriteBytesToBuffer), (62 bytes).
    Removing stream_buffer.o(i.prvWriteMessageToBuffer), (70 bytes).
    Removing stream_buffer.o(i.ucStreamBufferGetStreamBufferType), (8 bytes).
    Removing stream_buffer.o(i.uxStreamBufferGetStreamBufferNotificationIndex), (4 bytes).
    Removing stream_buffer.o(i.uxStreamBufferGetStreamBufferNumber), (4 bytes).
    Removing stream_buffer.o(i.vStreamBufferDelete), (16 bytes).
    Removing stream_buffer.o(i.vStreamBufferSetStreamBufferNotificationIndex), (4 bytes).
    Removing stream_buffer.o(i.vStreamBufferSetStreamBufferNumber), (4 bytes).
    Removing stream_buffer.o(i.xStreamBufferBytesAvailable), (4 bytes).
    Removing stream_buffer.o(i.xStreamBufferGenericCreate), (84 bytes).
    Removing stream_buffer.o(i.xStreamBufferIsEmpty), (16 bytes).
    Removing stream_buffer.o(i.xStreamBufferIsFull), (30 bytes).
    Removing stream_buffer.o(i.xStreamBufferNextMessageLengthBytes), (40 bytes).
    Removing stream_buffer.o(i.xStreamBufferReceive), (172 bytes).
    Removing stream_buffer.o(i.xStreamBufferReceiveCompletedFromISR), (54 bytes).
    Removing stream_buffer.o(i.xStreamBufferReceiveFromISR), (104 bytes).
    Removing stream_buffer.o(i.xStreamBufferReset), (64 bytes).
    Removing stream_buffer.o(i.xStreamBufferResetFromISR), (70 bytes).
    Removing stream_buffer.o(i.xStreamBufferSend), (202 bytes).
    Removing stream_buffer.o(i.xStreamBufferSendCompletedFromISR), (54 bytes).
    Removing stream_buffer.o(i.xStreamBufferSendFromISR), (110 bytes).
    Removing stream_buffer.o(i.xStreamBufferSetTriggerLevel), (20 bytes).
    Removing stream_buffer.o(i.xStreamBufferSpacesAvailable), (32 bytes).
    Removing tasks.o(i.pcTaskGetName), (16 bytes).
    Removing tasks.o(i.prvTaskIsTaskSuspended), (40 bytes).
    Removing tasks.o(i.ulTaskGenericNotifyTake), (168 bytes).
    Removing tasks.o(i.ulTaskGenericNotifyValueClear), (48 bytes).
    Removing tasks.o(i.ulTaskGetRunTimePercent), (44 bytes).
    Removing tasks.o(i.uxTaskGetTaskNumber), (8 bytes).
    Removing tasks.o(i.uxTaskPriorityGetFromISR), (36 bytes).
    Removing tasks.o(i.uxTaskResetEventItemValue), (24 bytes).
    Removing tasks.o(i.vTaskEndScheduler), (48 bytes).
    Removing tasks.o(i.vTaskGenericNotifyGiveFromISR), (236 bytes).
    Removing tasks.o(i.vTaskInternalSetTimeOutState), (16 bytes).
    Removing tasks.o(i.vTaskMissedYield), (12 bytes).
    Removing tasks.o(i.vTaskPlaceOnEventList), (32 bytes).
    Removing tasks.o(i.vTaskPlaceOnUnorderedEventList), (64 bytes).
    Removing tasks.o(i.vTaskRemoveFromUnorderedEventList), (168 bytes).
    Removing tasks.o(i.vTaskResetState), (48 bytes).
    Removing tasks.o(i.vTaskResume), (148 bytes).
    Removing tasks.o(i.vTaskSetTaskNumber), (8 bytes).
    Removing tasks.o(i.vTaskSetTimeOutState), (32 bytes).
    Removing tasks.o(i.vTaskSuspend), (168 bytes).
    Removing tasks.o(i.xTaskCatchUpTicks), (36 bytes).
    Removing tasks.o(i.xTaskCheckForTimeOut), (88 bytes).
    Removing tasks.o(i.xTaskDelayUntil), (88 bytes).
    Removing tasks.o(i.xTaskGenericNotify), (244 bytes).
    Removing tasks.o(i.xTaskGenericNotifyFromISR), (332 bytes).
    Removing tasks.o(i.xTaskGenericNotifyStateClear), (52 bytes).
    Removing tasks.o(i.xTaskGenericNotifyWait), (204 bytes).
    Removing tasks.o(i.xTaskGetCurrentTaskHandleForCore), (20 bytes).
    Removing tasks.o(i.xTaskGetTickCount), (12 bytes).
    Removing tasks.o(i.xTaskGetTickCountFromISR), (12 bytes).
    Removing tasks.o(i.xTaskRemoveFromEventList), (204 bytes).
    Removing tasks.o(i.xTaskResumeFromISR), (168 bytes).
    Removing dadd.o(.text), (334 bytes).
    Removing dmul.o(.text), (228 bytes).
    Removing ddiv.o(.text), (222 bytes).
    Removing dfixul.o(.text), (48 bytes).
    Removing cdrcmple.o(.text), (48 bytes).
    Removing depilogue.o(.text), (186 bytes).

503 unused section(s) (total 36270 bytes) removed from the image.

==============================================================================

Image Symbol Table

    Local Symbols

    Symbol Name                              Value     Ov Type        Size  Object(Section)

    ../Core/Src/gpio.c                       0x00000000   Number         0  gpio.o ABSOLUTE
    ../Core/Src/main.c                       0x00000000   Number         0  main.o ABSOLUTE
    ../Core/Src/stm32f1xx_hal_msp.c          0x00000000   Number         0  stm32f1xx_hal_msp.o ABSOLUTE
    ../Core/Src/stm32f1xx_hal_timebase_tim.c 0x00000000   Number         0  stm32f1xx_hal_timebase_tim.o ABSOLUTE
    ../Core/Src/stm32f1xx_it.c               0x00000000   Number         0  stm32f1xx_it.o ABSOLUTE
    ../Core/Src/system_stm32f1xx.c           0x00000000   Number         0  system_stm32f1xx.o ABSOLUTE
    ../Core/Src/tim.c                        0x00000000   Number         0  tim.o ABSOLUTE
    ../Core/Src/usart.c                      0x00000000   Number         0  usart.o ABSOLUTE
    ../Drivers/STM32F1xx_HAL_Driver/Src/stm32f1xx_hal.c 0x00000000   Number         0  stm32f1xx_hal.o ABSOLUTE
    ../Drivers/STM32F1xx_HAL_Driver/Src/stm32f1xx_hal_cortex.c 0x00000000   Number         0  stm32f1xx_hal_cortex.o ABSOLUTE
    ../Drivers/STM32F1xx_HAL_Driver/Src/stm32f1xx_hal_dma.c 0x00000000   Number         0  stm32f1xx_hal_dma.o ABSOLUTE
    ../Drivers/STM32F1xx_HAL_Driver/Src/stm32f1xx_hal_exti.c 0x00000000   Number         0  stm32f1xx_hal_exti.o ABSOLUTE
    ../Drivers/STM32F1xx_HAL_Driver/Src/stm32f1xx_hal_flash.c 0x00000000   Number         0  stm32f1xx_hal_flash.o ABSOLUTE
    ../Drivers/STM32F1xx_HAL_Driver/Src/stm32f1xx_hal_flash_ex.c 0x00000000   Number         0  stm32f1xx_hal_flash_ex.o ABSOLUTE
    ../Drivers/STM32F1xx_HAL_Driver/Src/stm32f1xx_hal_gpio.c 0x00000000   Number         0  stm32f1xx_hal_gpio.o ABSOLUTE
    ../Drivers/STM32F1xx_HAL_Driver/Src/stm32f1xx_hal_gpio_ex.c 0x00000000   Number         0  stm32f1xx_hal_gpio_ex.o ABSOLUTE
    ../Drivers/STM32F1xx_HAL_Driver/Src/stm32f1xx_hal_pwr.c 0x00000000   Number         0  stm32f1xx_hal_pwr.o ABSOLUTE
    ../Drivers/STM32F1xx_HAL_Driver/Src/stm32f1xx_hal_rcc.c 0x00000000   Number         0  stm32f1xx_hal_rcc.o ABSOLUTE
    ../Drivers/STM32F1xx_HAL_Driver/Src/stm32f1xx_hal_rcc_ex.c 0x00000000   Number         0  stm32f1xx_hal_rcc_ex.o ABSOLUTE
    ../Drivers/STM32F1xx_HAL_Driver/Src/stm32f1xx_hal_tim.c 0x00000000   Number         0  stm32f1xx_hal_tim.o ABSOLUTE
    ../Drivers/STM32F1xx_HAL_Driver/Src/stm32f1xx_hal_tim_ex.c 0x00000000   Number         0  stm32f1xx_hal_tim_ex.o ABSOLUTE
    ../Drivers/STM32F1xx_HAL_Driver/Src/stm32f1xx_hal_uart.c 0x00000000   Number         0  stm32f1xx_hal_uart.o ABSOLUTE
    ../clib/microlib/division.c              0x00000000   Number         0  uidiv.o ABSOLUTE
    ../clib/microlib/division.c              0x00000000   Number         0  uldiv.o ABSOLUTE
    ../clib/microlib/init/entry.s            0x00000000   Number         0  entry8b.o ABSOLUTE
    ../clib/microlib/init/entry.s            0x00000000   Number         0  entry8a.o ABSOLUTE
    ../clib/microlib/init/entry.s            0x00000000   Number         0  entry.o ABSOLUTE
    ../clib/microlib/init/entry.s            0x00000000   Number         0  entry11a.o ABSOLUTE
    ../clib/microlib/init/entry.s            0x00000000   Number         0  entry7b.o ABSOLUTE
    ../clib/microlib/init/entry.s            0x00000000   Number         0  entry7a.o ABSOLUTE
    ../clib/microlib/init/entry.s            0x00000000   Number         0  entry2.o ABSOLUTE
    ../clib/microlib/init/entry.s            0x00000000   Number         0  entry5.o ABSOLUTE
    ../clib/microlib/init/entry.s            0x00000000   Number         0  entry12b.o ABSOLUTE
    ../clib/microlib/init/entry.s            0x00000000   Number         0  entry12a.o ABSOLUTE
    ../clib/microlib/init/entry.s            0x00000000   Number         0  entry11b.o ABSOLUTE
    ../clib/microlib/init/entry.s            0x00000000   Number         0  entry10b.o ABSOLUTE
    ../clib/microlib/init/entry.s            0x00000000   Number         0  entry10a.o ABSOLUTE
    ../clib/microlib/init/entry.s            0x00000000   Number         0  entry9b.o ABSOLUTE
    ../clib/microlib/init/entry.s            0x00000000   Number         0  entry9a.o ABSOLUTE
    ../clib/microlib/longlong.c              0x00000000   Number         0  llushr.o ABSOLUTE
    ../clib/microlib/longlong.c              0x00000000   Number         0  llsshr.o ABSOLUTE
    ../clib/microlib/longlong.c              0x00000000   Number         0  llshl.o ABSOLUTE
    ../clib/microlib/printf/printf.c         0x00000000   Number         0  printf7.o ABSOLUTE
    ../clib/microlib/printf/printf.c         0x00000000   Number         0  printf6.o ABSOLUTE
    ../clib/microlib/printf/printf.c         0x00000000   Number         0  printf8.o ABSOLUTE
    ../clib/microlib/printf/printf.c         0x00000000   Number         0  printf0.o ABSOLUTE
    ../clib/microlib/printf/printf.c         0x00000000   Number         0  printf5.o ABSOLUTE
    ../clib/microlib/printf/printf.c         0x00000000   Number         0  printf4.o ABSOLUTE
    ../clib/microlib/printf/printf.c         0x00000000   Number         0  printf3.o ABSOLUTE
    ../clib/microlib/printf/printf.c         0x00000000   Number         0  printfa.o ABSOLUTE
    ../clib/microlib/printf/printf.c         0x00000000   Number         0  printfb.o ABSOLUTE
    ../clib/microlib/printf/printf.c         0x00000000   Number         0  printf1.o ABSOLUTE
    ../clib/microlib/printf/printf.c         0x00000000   Number         0  printf2.o ABSOLUTE
    ../clib/microlib/printf/stubs.s          0x00000000   Number         0  stubs.o ABSOLUTE
    ../clib/microlib/stdio/streams.c         0x00000000   Number         0  stdout.o ABSOLUTE
    ../clib/microlib/string/memcpy.c         0x00000000   Number         0  memcpya.o ABSOLUTE
    ../clib/microlib/string/memcpy.c         0x00000000   Number         0  memcpyb.o ABSOLUTE
    ../clib/microlib/string/memset.c         0x00000000   Number         0  memseta.o ABSOLUTE
    ../clib/microlib/string/strcpy.c         0x00000000   Number         0  strcpy.o ABSOLUTE
    ../clib/microlib/string/strlen.c         0x00000000   Number         0  strlen.o ABSOLUTE
    ../clib/microlib/stubs.s                 0x00000000   Number         0  iusefp.o ABSOLUTE
    ../fplib/microlib/fpadd.c                0x00000000   Number         0  dadd.o ABSOLUTE
    ../fplib/microlib/fpdiv.c                0x00000000   Number         0  ddiv.o ABSOLUTE
    ../fplib/microlib/fpepilogue.c           0x00000000   Number         0  depilogue.o ABSOLUTE
    ../fplib/microlib/fpfix.c                0x00000000   Number         0  dfixul.o ABSOLUTE
    ../fplib/microlib/fpmul.c                0x00000000   Number         0  dmul.o ABSOLUTE
    ..\Core\Src\freertos_demo.c              0x00000000   Number         0  freertos_demo.o ABSOLUTE
    ..\Core\Src\gpio.c                       0x00000000   Number         0  gpio.o ABSOLUTE
    ..\Core\Src\main.c                       0x00000000   Number         0  main.o ABSOLUTE
    ..\Core\Src\stm32f1xx_hal_msp.c          0x00000000   Number         0  stm32f1xx_hal_msp.o ABSOLUTE
    ..\Core\Src\stm32f1xx_hal_timebase_tim.c 0x00000000   Number         0  stm32f1xx_hal_timebase_tim.o ABSOLUTE
    ..\Core\Src\stm32f1xx_it.c               0x00000000   Number         0  stm32f1xx_it.o ABSOLUTE
    ..\Core\Src\system_stm32f1xx.c           0x00000000   Number         0  system_stm32f1xx.o ABSOLUTE
    ..\Core\Src\tim.c                        0x00000000   Number         0  tim.o ABSOLUTE
    ..\Core\Src\usart.c                      0x00000000   Number         0  usart.o ABSOLUTE
    ..\Drivers\STM32F1xx_HAL_Driver\Src\stm32f1xx_hal.c 0x00000000   Number         0  stm32f1xx_hal.o ABSOLUTE
    ..\Drivers\STM32F1xx_HAL_Driver\Src\stm32f1xx_hal_cortex.c 0x00000000   Number         0  stm32f1xx_hal_cortex.o ABSOLUTE
    ..\Drivers\STM32F1xx_HAL_Driver\Src\stm32f1xx_hal_dma.c 0x00000000   Number         0  stm32f1xx_hal_dma.o ABSOLUTE
    ..\Drivers\STM32F1xx_HAL_Driver\Src\stm32f1xx_hal_exti.c 0x00000000   Number         0  stm32f1xx_hal_exti.o ABSOLUTE
    ..\Drivers\STM32F1xx_HAL_Driver\Src\stm32f1xx_hal_flash.c 0x00000000   Number         0  stm32f1xx_hal_flash.o ABSOLUTE
    ..\Drivers\STM32F1xx_HAL_Driver\Src\stm32f1xx_hal_flash_ex.c 0x00000000   Number         0  stm32f1xx_hal_flash_ex.o ABSOLUTE
    ..\Drivers\STM32F1xx_HAL_Driver\Src\stm32f1xx_hal_gpio.c 0x00000000   Number         0  stm32f1xx_hal_gpio.o ABSOLUTE
    ..\Drivers\STM32F1xx_HAL_Driver\Src\stm32f1xx_hal_gpio_ex.c 0x00000000   Number         0  stm32f1xx_hal_gpio_ex.o ABSOLUTE
    ..\Drivers\STM32F1xx_HAL_Driver\Src\stm32f1xx_hal_pwr.c 0x00000000   Number         0  stm32f1xx_hal_pwr.o ABSOLUTE
    ..\Drivers\STM32F1xx_HAL_Driver\Src\stm32f1xx_hal_rcc.c 0x00000000   Number         0  stm32f1xx_hal_rcc.o ABSOLUTE
    ..\Drivers\STM32F1xx_HAL_Driver\Src\stm32f1xx_hal_rcc_ex.c 0x00000000   Number         0  stm32f1xx_hal_rcc_ex.o ABSOLUTE
    ..\Drivers\STM32F1xx_HAL_Driver\Src\stm32f1xx_hal_tim.c 0x00000000   Number         0  stm32f1xx_hal_tim.o ABSOLUTE
    ..\Drivers\STM32F1xx_HAL_Driver\Src\stm32f1xx_hal_tim_ex.c 0x00000000   Number         0  stm32f1xx_hal_tim_ex.o ABSOLUTE
    ..\Drivers\STM32F1xx_HAL_Driver\Src\stm32f1xx_hal_uart.c 0x00000000   Number         0  stm32f1xx_hal_uart.o ABSOLUTE
    ..\FreeRTOS\portable\MemMang\heap_4.c    0x00000000   Number         0  heap_4.o ABSOLUTE
    ..\FreeRTOS\portable\RVDS\ARM_CM3\port.c 0x00000000   Number         0  port.o ABSOLUTE
    ..\FreeRTOS\source\croutine.c            0x00000000   Number         0  croutine.o ABSOLUTE
    ..\FreeRTOS\source\event_groups.c        0x00000000   Number         0  event_groups.o ABSOLUTE
    ..\FreeRTOS\source\list.c                0x00000000   Number         0  list.o ABSOLUTE
    ..\FreeRTOS\source\queue.c               0x00000000   Number         0  queue.o ABSOLUTE
    ..\FreeRTOS\source\stream_buffer.c       0x00000000   Number         0  stream_buffer.o ABSOLUTE
    ..\FreeRTOS\source\tasks.c               0x00000000   Number         0  tasks.o ABSOLUTE
    ..\FreeRTOS\source\timers.c              0x00000000   Number         0  timers.o ABSOLUTE
    ..\\Core\\Src\\freertos_demo.c           0x00000000   Number         0  freertos_demo.o ABSOLUTE
    ..\\FreeRTOS\\portable\\RVDS\\ARM_CM3\\port.c 0x00000000   Number         0  port.o ABSOLUTE
    cdrcmple.s                               0x00000000   Number         0  cdrcmple.o ABSOLUTE
    dc.s                                     0x00000000   Number         0  dc.o ABSOLUTE
    handlers.s                               0x00000000   Number         0  handlers.o ABSOLUTE
    init.s                                   0x00000000   Number         0  init.o ABSOLUTE
    startup_stm32f103xe.s                    0x00000000   Number         0  startup_stm32f103xe.o ABSOLUTE
    RESET                                    0x08000000   Section      304  startup_stm32f103xe.o(RESET)
    .ARM.Collect$$$$00000000                 0x08000130   Section        0  entry.o(.ARM.Collect$$$$00000000)
    .ARM.Collect$$$$00000001                 0x08000130   Section        4  entry2.o(.ARM.Collect$$$$00000001)
    .ARM.Collect$$$$00000004                 0x08000134   Section        4  entry5.o(.ARM.Collect$$$$00000004)
    .ARM.Collect$$$$00000008                 0x08000138   Section        0  entry7b.o(.ARM.Collect$$$$00000008)
    .ARM.Collect$$$$0000000A                 0x08000138   Section        0  entry8b.o(.ARM.Collect$$$$0000000A)
    .ARM.Collect$$$$0000000B                 0x08000138   Section        8  entry9a.o(.ARM.Collect$$$$0000000B)
    .ARM.Collect$$$$0000000E                 0x08000140   Section        4  entry12b.o(.ARM.Collect$$$$0000000E)
    .ARM.Collect$$$$0000000F                 0x08000144   Section        0  entry10a.o(.ARM.Collect$$$$0000000F)
    .ARM.Collect$$$$00000011                 0x08000144   Section        0  entry11a.o(.ARM.Collect$$$$00000011)
    .ARM.Collect$$$$00002712                 0x08000144   Section        4  entry2.o(.ARM.Collect$$$$00002712)
    __lit__00000000                          0x08000144   Data           4  entry2.o(.ARM.Collect$$$$00002712)
    .emb_text                                0x08000148   Section      150  port.o(.emb_text)
    .text                                    0x080001e0   Section       36  startup_stm32f103xe.o(.text)
    .text                                    0x08000204   Section        0  llushr.o(.text)
    .text                                    0x08000224   Section        0  memseta.o(.text)
    .text                                    0x08000248   Section        0  strlen.o(.text)
    .text                                    0x08000256   Section        0  strcpy.o(.text)
    .text                                    0x08000268   Section        0  uldiv.o(.text)
    .text                                    0x080002cc   Section       36  init.o(.text)
    .text                                    0x080002f0   Section        0  llshl.o(.text)
    i.BusFault_Handler                       0x0800030e   Section        0  stm32f1xx_it.o(i.BusFault_Handler)
    i.DebugMon_Handler                       0x08000310   Section        0  stm32f1xx_it.o(i.DebugMon_Handler)
    i.EXTI15_10_IRQHandler                   0x08000312   Section        0  stm32f1xx_it.o(i.EXTI15_10_IRQHandler)
    i.EXTI9_5_IRQHandler                     0x08000328   Section        0  stm32f1xx_it.o(i.EXTI9_5_IRQHandler)
    i.Error_Handler                          0x0800033e   Section        0  main.o(i.Error_Handler)
    i.HAL_GPIO_EXTI_Callback                 0x08000344   Section        0  stm32f1xx_it.o(i.HAL_GPIO_EXTI_Callback)
    i.HAL_GPIO_EXTI_IRQHandler               0x080003d4   Section        0  stm32f1xx_hal_gpio.o(i.HAL_GPIO_EXTI_IRQHandler)
    i.HAL_GPIO_Init                          0x080003ec   Section        0  stm32f1xx_hal_gpio.o(i.HAL_GPIO_Init)
    i.HAL_GPIO_TogglePin                     0x080005e4   Section        0  stm32f1xx_hal_gpio.o(i.HAL_GPIO_TogglePin)
    i.HAL_GPIO_WritePin                      0x080005f4   Section        0  stm32f1xx_hal_gpio.o(i.HAL_GPIO_WritePin)
    i.HAL_GetTick                            0x08000600   Section        0  stm32f1xx_hal.o(i.HAL_GetTick)
    i.HAL_IncTick                            0x0800060c   Section        0  stm32f1xx_hal.o(i.HAL_IncTick)
    i.HAL_Init                               0x0800061c   Section        0  stm32f1xx_hal.o(i.HAL_Init)
    i.HAL_InitTick                           0x08000640   Section        0  stm32f1xx_hal_timebase_tim.o(i.HAL_InitTick)
    i.HAL_MspInit                            0x080006d8   Section        0  stm32f1xx_hal_msp.o(i.HAL_MspInit)
    i.HAL_NVIC_EnableIRQ                     0x08000714   Section        0  stm32f1xx_hal_cortex.o(i.HAL_NVIC_EnableIRQ)
    i.HAL_NVIC_SetPriority                   0x08000730   Section        0  stm32f1xx_hal_cortex.o(i.HAL_NVIC_SetPriority)
    i.HAL_NVIC_SetPriorityGrouping           0x08000770   Section        0  stm32f1xx_hal_cortex.o(i.HAL_NVIC_SetPriorityGrouping)
    i.HAL_RCC_ClockConfig                    0x08000794   Section        0  stm32f1xx_hal_rcc.o(i.HAL_RCC_ClockConfig)
    i.HAL_RCC_GetClockConfig                 0x080008c0   Section        0  stm32f1xx_hal_rcc.o(i.HAL_RCC_GetClockConfig)
    i.HAL_RCC_GetPCLK1Freq                   0x08000900   Section        0  stm32f1xx_hal_rcc.o(i.HAL_RCC_GetPCLK1Freq)
    i.HAL_RCC_GetPCLK2Freq                   0x08000920   Section        0  stm32f1xx_hal_rcc.o(i.HAL_RCC_GetPCLK2Freq)
    i.HAL_RCC_GetSysClockFreq                0x08000940   Section        0  stm32f1xx_hal_rcc.o(i.HAL_RCC_GetSysClockFreq)
    i.HAL_RCC_OscConfig                      0x0800098c   Section        0  stm32f1xx_hal_rcc.o(i.HAL_RCC_OscConfig)
    i.HAL_TIMEx_BreakCallback                0x08000cac   Section        0  stm32f1xx_hal_tim_ex.o(i.HAL_TIMEx_BreakCallback)
    i.HAL_TIMEx_CommutCallback               0x08000cae   Section        0  stm32f1xx_hal_tim_ex.o(i.HAL_TIMEx_CommutCallback)
    i.HAL_TIMEx_MasterConfigSynchronization  0x08000cb0   Section        0  stm32f1xx_hal_tim_ex.o(i.HAL_TIMEx_MasterConfigSynchronization)
    i.HAL_TIM_Base_Init                      0x08000d2c   Section        0  stm32f1xx_hal_tim.o(i.HAL_TIM_Base_Init)
    i.HAL_TIM_Base_MspInit                   0x08000d88   Section        0  tim.o(i.HAL_TIM_Base_MspInit)
    i.HAL_TIM_Base_Start_IT                  0x08000dc0   Section        0  stm32f1xx_hal_tim.o(i.HAL_TIM_Base_Start_IT)
    i.HAL_TIM_ConfigClockSource              0x08000e2c   Section        0  stm32f1xx_hal_tim.o(i.HAL_TIM_ConfigClockSource)
    i.HAL_TIM_IC_CaptureCallback             0x08000f08   Section        0  stm32f1xx_hal_tim.o(i.HAL_TIM_IC_CaptureCallback)
    i.HAL_TIM_IRQHandler                     0x08000f0a   Section        0  stm32f1xx_hal_tim.o(i.HAL_TIM_IRQHandler)
    i.HAL_TIM_OC_DelayElapsedCallback        0x0800103a   Section        0  stm32f1xx_hal_tim.o(i.HAL_TIM_OC_DelayElapsedCallback)
    i.HAL_TIM_PWM_PulseFinishedCallback      0x0800103c   Section        0  stm32f1xx_hal_tim.o(i.HAL_TIM_PWM_PulseFinishedCallback)
    i.HAL_TIM_PeriodElapsedCallback          0x08001040   Section        0  main.o(i.HAL_TIM_PeriodElapsedCallback)
    i.HAL_TIM_TriggerCallback                0x0800106c   Section        0  stm32f1xx_hal_tim.o(i.HAL_TIM_TriggerCallback)
    i.HAL_UART_Init                          0x0800106e   Section        0  stm32f1xx_hal_uart.o(i.HAL_UART_Init)
    i.HAL_UART_MspInit                       0x080010d4   Section        0  usart.o(i.HAL_UART_MspInit)
    i.HAL_UART_Transmit                      0x08001144   Section        0  stm32f1xx_hal_uart.o(i.HAL_UART_Transmit)
    i.HardFault_Handler                      0x080011e4   Section        0  stm32f1xx_it.o(i.HardFault_Handler)
    i.MX_GPIO_Init                           0x080011e8   Section        0  gpio.o(i.MX_GPIO_Init)
    i.MX_TIM2_Init                           0x080012b8   Section        0  tim.o(i.MX_TIM2_Init)
    i.MX_USART1_UART_Init                    0x0800131c   Section        0  usart.o(i.MX_USART1_UART_Init)
    i.MemManage_Handler                      0x08001354   Section        0  stm32f1xx_it.o(i.MemManage_Handler)
    i.NMI_Handler                            0x08001356   Section        0  stm32f1xx_it.o(i.NMI_Handler)
    i.SysTick_Handler                        0x08001358   Section        0  stm32f1xx_it.o(i.SysTick_Handler)
    i.SystemClock_Config                     0x0800136c   Section        0  main.o(i.SystemClock_Config)
    i.SystemInit                             0x080013ca   Section        0  system_stm32f1xx.o(i.SystemInit)
    i.TIM2_IRQHandler                        0x080013cc   Section        0  stm32f1xx_it.o(i.TIM2_IRQHandler)
    i.TIM7_IRQHandler                        0x080013d8   Section        0  stm32f1xx_it.o(i.TIM7_IRQHandler)
    i.TIM_Base_SetConfig                     0x080013e4   Section        0  stm32f1xx_hal_tim.o(i.TIM_Base_SetConfig)
    i.TIM_ETR_SetConfig                      0x08001480   Section        0  stm32f1xx_hal_tim.o(i.TIM_ETR_SetConfig)
    i.TIM_ITRx_SetConfig                     0x08001494   Section        0  stm32f1xx_hal_tim.o(i.TIM_ITRx_SetConfig)
    TIM_ITRx_SetConfig                       0x08001495   Thumb Code    16  stm32f1xx_hal_tim.o(i.TIM_ITRx_SetConfig)
    i.TIM_TI1_ConfigInputStage               0x080014a4   Section        0  stm32f1xx_hal_tim.o(i.TIM_TI1_ConfigInputStage)
    TIM_TI1_ConfigInputStage                 0x080014a5   Thumb Code    34  stm32f1xx_hal_tim.o(i.TIM_TI1_ConfigInputStage)
    i.TIM_TI2_ConfigInputStage               0x080014c6   Section        0  stm32f1xx_hal_tim.o(i.TIM_TI2_ConfigInputStage)
    TIM_TI2_ConfigInputStage                 0x080014c7   Thumb Code    36  stm32f1xx_hal_tim.o(i.TIM_TI2_ConfigInputStage)
    i.UART_EndRxTransfer                     0x080014ea   Section        0  stm32f1xx_hal_uart.o(i.UART_EndRxTransfer)
    UART_EndRxTransfer                       0x080014eb   Thumb Code    78  stm32f1xx_hal_uart.o(i.UART_EndRxTransfer)
    i.UART_SetConfig                         0x08001538   Section        0  stm32f1xx_hal_uart.o(i.UART_SetConfig)
    UART_SetConfig                           0x08001539   Thumb Code   178  stm32f1xx_hal_uart.o(i.UART_SetConfig)
    i.UART_WaitOnFlagUntilTimeout            0x080015f0   Section        0  stm32f1xx_hal_uart.o(i.UART_WaitOnFlagUntilTimeout)
    UART_WaitOnFlagUntilTimeout              0x080015f1   Thumb Code   114  stm32f1xx_hal_uart.o(i.UART_WaitOnFlagUntilTimeout)
    i.UsageFault_Handler                     0x08001662   Section        0  stm32f1xx_it.o(i.UsageFault_Handler)
    i.__0printf$8                            0x08001664   Section        0  printf8.o(i.__0printf$8)
    i.__0snprintf$8                          0x08001684   Section        0  printf8.o(i.__0snprintf$8)
    i.__NVIC_SetPriority                     0x080016b8   Section        0  stm32f1xx_hal_cortex.o(i.__NVIC_SetPriority)
    __NVIC_SetPriority                       0x080016b9   Thumb Code    32  stm32f1xx_hal_cortex.o(i.__NVIC_SetPriority)
    i.__scatterload_copy                     0x080016d8   Section       14  handlers.o(i.__scatterload_copy)
    i.__scatterload_null                     0x080016e6   Section        2  handlers.o(i.__scatterload_null)
    i.__scatterload_zeroinit                 0x080016e8   Section       14  handlers.o(i.__scatterload_zeroinit)
    i._printf_core                           0x080016f8   Section        0  printf8.o(i._printf_core)
    _printf_core                             0x080016f9   Thumb Code   984  printf8.o(i._printf_core)
    i._printf_post_padding                   0x08001afc   Section        0  printf8.o(i._printf_post_padding)
    _printf_post_padding                     0x08001afd   Thumb Code    36  printf8.o(i._printf_post_padding)
    i._printf_pre_padding                    0x08001b20   Section        0  printf8.o(i._printf_pre_padding)
    _printf_pre_padding                      0x08001b21   Thumb Code    46  printf8.o(i._printf_pre_padding)
    i._snputc                                0x08001b4e   Section        0  printf8.o(i._snputc)
    _snputc                                  0x08001b4f   Thumb Code    22  printf8.o(i._snputc)
    i.eTaskGetState                          0x08001b64   Section        0  tasks.o(i.eTaskGetState)
    i.fputc                                  0x08001bd4   Section        0  usart.o(i.fputc)
    i.freertos_start                         0x08001bec   Section        0  freertos_demo.o(i.freertos_start)
    i.main                                   0x08001c20   Section        0  main.o(i.main)
    i.prvAddCurrentTaskToDelayedList         0x08001c5c   Section        0  tasks.o(i.prvAddCurrentTaskToDelayedList)
    prvAddCurrentTaskToDelayedList           0x08001c5d   Thumb Code   136  tasks.o(i.prvAddCurrentTaskToDelayedList)
    i.prvAddNewTaskToReadyList               0x08001cec   Section        0  tasks.o(i.prvAddNewTaskToReadyList)
    prvAddNewTaskToReadyList                 0x08001ced   Thumb Code   228  tasks.o(i.prvAddNewTaskToReadyList)
    i.prvCheckTasksWaitingTermination        0x08001ddc   Section        0  tasks.o(i.prvCheckTasksWaitingTermination)
    prvCheckTasksWaitingTermination          0x08001ddd   Thumb Code    52  tasks.o(i.prvCheckTasksWaitingTermination)
    i.prvDeleteTCB                           0x08001e18   Section        0  tasks.o(i.prvDeleteTCB)
    prvDeleteTCB                             0x08001e19   Thumb Code    20  tasks.o(i.prvDeleteTCB)
    i.prvHeapInit                            0x08001e2c   Section        0  heap_4.o(i.prvHeapInit)
    prvHeapInit                              0x08001e2d   Thumb Code    60  heap_4.o(i.prvHeapInit)
    i.prvIdleTask                            0x08001e70   Section        0  tasks.o(i.prvIdleTask)
    prvIdleTask                              0x08001e71   Thumb Code    30  tasks.o(i.prvIdleTask)
    i.prvInitialiseNewTask                   0x08001e98   Section        0  tasks.o(i.prvInitialiseNewTask)
    prvInitialiseNewTask                     0x08001e99   Thumb Code   130  tasks.o(i.prvInitialiseNewTask)
    i.prvInsertBlockIntoFreeList             0x08001f1c   Section        0  heap_4.o(i.prvInsertBlockIntoFreeList)
    prvInsertBlockIntoFreeList               0x08001f1d   Thumb Code    72  heap_4.o(i.prvInsertBlockIntoFreeList)
    i.prvListTasksWithinSingleList           0x08001f68   Section        0  tasks.o(i.prvListTasksWithinSingleList)
    prvListTasksWithinSingleList             0x08001f69   Thumb Code    56  tasks.o(i.prvListTasksWithinSingleList)
    i.prvResetNextTaskUnblockTime            0x08001fa0   Section        0  tasks.o(i.prvResetNextTaskUnblockTime)
    prvResetNextTaskUnblockTime              0x08001fa1   Thumb Code    24  tasks.o(i.prvResetNextTaskUnblockTime)
    i.prvSearchForNameWithinSingleList       0x08001fbc   Section        0  tasks.o(i.prvSearchForNameWithinSingleList)
    prvSearchForNameWithinSingleList         0x08001fbd   Thumb Code    60  tasks.o(i.prvSearchForNameWithinSingleList)
    i.prvSnprintfReturnValueToCharsWritten   0x08001ff8   Section        0  tasks.o(i.prvSnprintfReturnValueToCharsWritten)
    prvSnprintfReturnValueToCharsWritten     0x08001ff9   Thumb Code    16  tasks.o(i.prvSnprintfReturnValueToCharsWritten)
    i.prvTaskCheckFreeStackSpace             0x08002008   Section        0  tasks.o(i.prvTaskCheckFreeStackSpace)
    prvTaskCheckFreeStackSpace               0x08002009   Thumb Code    18  tasks.o(i.prvTaskCheckFreeStackSpace)
    i.prvTaskExitError                       0x0800201a   Section        0  port.o(i.prvTaskExitError)
    prvTaskExitError                         0x0800201b   Thumb Code    16  port.o(i.prvTaskExitError)
    i.prvWriteNameToBuffer                   0x0800202a   Section        0  tasks.o(i.prvWriteNameToBuffer)
    prvWriteNameToBuffer                     0x0800202b   Thumb Code    34  tasks.o(i.prvWriteNameToBuffer)
    i.pvPortMalloc                           0x0800204c   Section        0  heap_4.o(i.pvPortMalloc)
    i.pxPortInitialiseStack                  0x080020f8   Section        0  port.o(i.pxPortInitialiseStack)
    i.start_task                             0x0800211c   Section        0  freertos_demo.o(i.start_task)
    i.task1                                  0x08002178   Section        0  freertos_demo.o(i.task1)
    i.task2                                  0x080021ac   Section        0  freertos_demo.o(i.task2)
    i.ulTaskGetRunTimeCounter                0x08002444   Section        0  tasks.o(i.ulTaskGetRunTimeCounter)
    i.uxListRemove                           0x0800247c   Section        0  list.o(i.uxListRemove)
    i.uxTaskGetNumberOfTasks                 0x080024a0   Section        0  tasks.o(i.uxTaskGetNumberOfTasks)
    i.uxTaskGetStackHighWaterMark            0x080024ac   Section        0  tasks.o(i.uxTaskGetStackHighWaterMark)
    i.uxTaskGetSystemState                   0x080024bc   Section        0  tasks.o(i.uxTaskGetSystemState)
    i.uxTaskPriorityGet                      0x0800256c   Section        0  tasks.o(i.uxTaskPriorityGet)
    i.vListInitialise                        0x08002588   Section        0  list.o(i.vListInitialise)
    i.vListInitialiseItem                    0x0800259e   Section        0  list.o(i.vListInitialiseItem)
    i.vListInsert                            0x080025a4   Section        0  list.o(i.vListInsert)
    i.vListInsertEnd                         0x080025d4   Section        0  list.o(i.vListInsertEnd)
    i.vPortEnterCritical                     0x080025ec   Section        0  port.o(i.vPortEnterCritical)
    i.vPortExitCritical                      0x08002608   Section        0  port.o(i.vPortExitCritical)
    i.vPortFree                              0x0800261c   Section        0  heap_4.o(i.vPortFree)
    i.vPortSetupTimerInterrupt               0x08002660   Section        0  port.o(i.vPortSetupTimerInterrupt)
    i.vTaskDelay                             0x08002678   Section        0  tasks.o(i.vTaskDelay)
    i.vTaskDelete                            0x080026a8   Section        0  tasks.o(i.vTaskDelete)
    i.vTaskGetInfo                           0x08002750   Section        0  tasks.o(i.vTaskGetInfo)
    i.vTaskGetRunTimeStatistics              0x080027f4   Section        0  tasks.o(i.vTaskGetRunTimeStatistics)
    i.vTaskListTasks                         0x080028cc   Section        0  tasks.o(i.vTaskListTasks)
    i.vTaskPrioritySet                       0x080029a8   Section        0  tasks.o(i.vTaskPrioritySet)
    i.vTaskStartScheduler                    0x08002a74   Section        0  tasks.o(i.vTaskStartScheduler)
    i.vTaskSuspendAll                        0x08002aec   Section        0  tasks.o(i.vTaskSuspendAll)
    i.vTaskSwitchContext                     0x08002afc   Section        0  tasks.o(i.vTaskSwitchContext)
    i.xPortStartScheduler                    0x08002b70   Section        0  port.o(i.xPortStartScheduler)
    i.xPortSysTickHandler                    0x08002ba0   Section        0  port.o(i.xPortSysTickHandler)
    i.xTaskCreate                            0x08002bcc   Section        0  tasks.o(i.xTaskCreate)
    i.xTaskGetCurrentTaskHandle              0x08002c28   Section        0  tasks.o(i.xTaskGetCurrentTaskHandle)
    i.xTaskGetHandle                         0x08002c34   Section        0  tasks.o(i.xTaskGetHandle)
    i.xTaskGetSchedulerState                 0x08002ca0   Section        0  tasks.o(i.xTaskGetSchedulerState)
    i.xTaskIncrementTick                     0x08002cbc   Section        0  tasks.o(i.xTaskIncrementTick)
    i.xTaskResumeAll                         0x08002de4   Section        0  tasks.o(i.xTaskResumeAll)
    .constdata                               0x08002f10   Section       18  stm32f1xx_hal_rcc.o(.constdata)
    aPredivFactorTable                       0x08002f10   Data           2  stm32f1xx_hal_rcc.o(.constdata)
    aPLLMULFactorTable                       0x08002f12   Data          16  stm32f1xx_hal_rcc.o(.constdata)
    .constdata                               0x08002f22   Section       16  system_stm32f1xx.o(.constdata)
    .constdata                               0x08002f32   Section        8  system_stm32f1xx.o(.constdata)
    .conststring                             0x08002f3c   Section       69  freertos_demo.o(.conststring)
    .data                                    0x20000000   Section       12  freertos_demo.o(.data)
    .data                                    0x2000000c   Section        1  main.o(.data)
    .data                                    0x20000010   Section        4  main.o(.data)
    .data                                    0x20000014   Section       12  stm32f1xx_hal.o(.data)
    .data                                    0x20000020   Section        4  system_stm32f1xx.o(.data)
    .data                                    0x20000024   Section       28  heap_4.o(.data)
    pxEnd                                    0x20000024   Data           4  heap_4.o(.data)
    xFreeBytesRemaining                      0x20000028   Data           4  heap_4.o(.data)
    xMinimumEverFreeBytesRemaining           0x2000002c   Data           4  heap_4.o(.data)
    xNumberOfSuccessfulAllocations           0x20000030   Data           4  heap_4.o(.data)
    xNumberOfSuccessfulFrees                 0x20000034   Data           4  heap_4.o(.data)
    xStart                                   0x20000038   Data           8  heap_4.o(.data)
    .data                                    0x20000040   Section        4  port.o(.data)
    uxCriticalNesting                        0x20000040   Data           4  port.o(.data)
    .data                                    0x20000044   Section       72  tasks.o(.data)
    uxDeletedTasksWaitingCleanUp             0x20000048   Data           4  tasks.o(.data)
    uxCurrentNumberOfTasks                   0x2000004c   Data           4  tasks.o(.data)
    xTickCount                               0x20000050   Data           4  tasks.o(.data)
    uxTopReadyPriority                       0x20000054   Data           4  tasks.o(.data)
    xSchedulerRunning                        0x20000058   Data           4  tasks.o(.data)
    xPendedTicks                             0x2000005c   Data           4  tasks.o(.data)
    xYieldPendings                           0x20000060   Data           4  tasks.o(.data)
    xNumOfOverflows                          0x20000064   Data           4  tasks.o(.data)
    uxTaskNumber                             0x20000068   Data           4  tasks.o(.data)
    xNextTaskUnblockTime                     0x2000006c   Data           4  tasks.o(.data)
    uxTopUsedPriority                        0x20000070   Data           4  tasks.o(.data)
    uxSchedulerSuspended                     0x20000074   Data           4  tasks.o(.data)
    ulTaskSwitchedInTime                     0x20000078   Data           4  tasks.o(.data)
    ulTotalRunTime                           0x2000007c   Data           4  tasks.o(.data)
    pxDelayedTaskList                        0x20000080   Data           4  tasks.o(.data)
    pxOverflowDelayedTaskList                0x20000084   Data           4  tasks.o(.data)
    xIdleTaskHandles                         0x20000088   Data           4  tasks.o(.data)
    .data                                    0x2000008c   Section        4  stdout.o(.data)
    .bss                                     0x20000090   Section       72  tim.o(.bss)
    .bss                                     0x200000d8   Section       72  usart.o(.bss)
    .bss                                     0x20000120   Section       72  stm32f1xx_hal_timebase_tim.o(.bss)
    .bss                                     0x20000168   Section    17408  heap_4.o(.bss)
    ucHeap                                   0x20000168   Data       17408  heap_4.o(.bss)
    .bss                                     0x20004568   Section      200  tasks.o(.bss)
    pxReadyTasksLists                        0x20004568   Data         100  tasks.o(.bss)
    xDelayedTaskList1                        0x200045cc   Data          20  tasks.o(.bss)
    xDelayedTaskList2                        0x200045e0   Data          20  tasks.o(.bss)
    xPendingReadyList                        0x200045f4   Data          20  tasks.o(.bss)
    xTasksWaitingTermination                 0x20004608   Data          20  tasks.o(.bss)
    xSuspendedTaskList                       0x2000461c   Data          20  tasks.o(.bss)
    STACK                                    0x20004630   Section     1024  startup_stm32f103xe.o(STACK)

    Global Symbols

    Symbol Name                              Value     Ov Type        Size  Object(Section)

    BuildAttributes$$THM_ISAv4$P$D$K$B$S$PE$A:L22UL41UL21$X:L11$S22US41US21$IEEE1$IW$USESV6$~STKCKD$USESV7$~SHL$OSPACE$ROPI$EBA8$MICROLIB$REQ8$PRES8$EABIv2 0x00000000   Number         0  anon$$obj.o ABSOLUTE
    __ARM_use_no_argv                        0x00000000   Number         0  main.o ABSOLUTE
    _printf_a                                0x00000000   Number         0  stubs.o ABSOLUTE
    _printf_c                                0x00000000   Number         0  stubs.o ABSOLUTE
    _printf_charcount                        0x00000000   Number         0  stubs.o ABSOLUTE
    _printf_d                                0x00000000   Number         0  stubs.o ABSOLUTE
    _printf_e                                0x00000000   Number         0  stubs.o ABSOLUTE
    _printf_f                                0x00000000   Number         0  stubs.o ABSOLUTE
    _printf_flags                            0x00000000   Number         0  stubs.o ABSOLUTE
    _printf_fp_dec                           0x00000000   Number         0  stubs.o ABSOLUTE
    _printf_fp_hex                           0x00000000   Number         0  stubs.o ABSOLUTE
    _printf_g                                0x00000000   Number         0  stubs.o ABSOLUTE
    _printf_i                                0x00000000   Number         0  stubs.o ABSOLUTE
    _printf_int_dec                          0x00000000   Number         0  stubs.o ABSOLUTE
    _printf_l                                0x00000000   Number         0  stubs.o ABSOLUTE
    _printf_lc                               0x00000000   Number         0  stubs.o ABSOLUTE
    _printf_ll                               0x00000000   Number         0  stubs.o ABSOLUTE
    _printf_lld                              0x00000000   Number         0  stubs.o ABSOLUTE
    _printf_lli                              0x00000000   Number         0  stubs.o ABSOLUTE
    _printf_llo                              0x00000000   Number         0  stubs.o ABSOLUTE
    _printf_llu                              0x00000000   Number         0  stubs.o ABSOLUTE
    _printf_llx                              0x00000000   Number         0  stubs.o ABSOLUTE
    _printf_longlong_dec                     0x00000000   Number         0  stubs.o ABSOLUTE
    _printf_longlong_hex                     0x00000000   Number         0  stubs.o ABSOLUTE
    _printf_longlong_oct                     0x00000000   Number         0  stubs.o ABSOLUTE
    _printf_ls                               0x00000000   Number         0  stubs.o ABSOLUTE
    _printf_mbtowc                           0x00000000   Number         0  stubs.o ABSOLUTE
    _printf_n                                0x00000000   Number         0  stubs.o ABSOLUTE
    _printf_o                                0x00000000   Number         0  stubs.o ABSOLUTE
    _printf_p                                0x00000000   Number         0  stubs.o ABSOLUTE
    _printf_percent                          0x00000000   Number         0  stubs.o ABSOLUTE
    _printf_pre_padding                      0x00000000   Number         0  stubs.o ABSOLUTE
    _printf_return_value                     0x00000000   Number         0  stubs.o ABSOLUTE
    _printf_s                                0x00000000   Number         0  stubs.o ABSOLUTE
    _printf_sizespec                         0x00000000   Number         0  stubs.o ABSOLUTE
    _printf_str                              0x00000000   Number         0  stubs.o ABSOLUTE
    _printf_truncate_signed                  0x00000000   Number         0  stubs.o ABSOLUTE
    _printf_truncate_unsigned                0x00000000   Number         0  stubs.o ABSOLUTE
    _printf_u                                0x00000000   Number         0  stubs.o ABSOLUTE
    _printf_wc                               0x00000000   Number         0  stubs.o ABSOLUTE
    _printf_wctomb                           0x00000000   Number         0  stubs.o ABSOLUTE
    _printf_widthprec                        0x00000000   Number         0  stubs.o ABSOLUTE
    _printf_x                                0x00000000   Number         0  stubs.o ABSOLUTE
    __arm_fini_                               - Undefined Weak Reference
    __cpp_initialize__aeabi_                  - Undefined Weak Reference
    __cxa_finalize                            - Undefined Weak Reference
    __decompress                              - Undefined Weak Reference
    _clock_init                               - Undefined Weak Reference
    _microlib_exit                            - Undefined Weak Reference
    __Vectors_Size                           0x00000130   Number         0  startup_stm32f103xe.o ABSOLUTE
    __Vectors                                0x08000000   Data           4  startup_stm32f103xe.o(RESET)
    __Vectors_End                            0x08000130   Data           0  startup_stm32f103xe.o(RESET)
    __main                                   0x08000131   Thumb Code     0  entry.o(.ARM.Collect$$$$00000000)
    _main_stk                                0x08000131   Thumb Code     0  entry2.o(.ARM.Collect$$$$00000001)
    _main_scatterload                        0x08000135   Thumb Code     0  entry5.o(.ARM.Collect$$$$00000004)
    __main_after_scatterload                 0x08000139   Thumb Code     0  entry5.o(.ARM.Collect$$$$00000004)
    _main_clock                              0x08000139   Thumb Code     0  entry7b.o(.ARM.Collect$$$$00000008)
    _main_cpp_init                           0x08000139   Thumb Code     0  entry8b.o(.ARM.Collect$$$$0000000A)
    _main_init                               0x08000139   Thumb Code     0  entry9a.o(.ARM.Collect$$$$0000000B)
    __rt_lib_shutdown_fini                   0x08000141   Thumb Code     0  entry12b.o(.ARM.Collect$$$$0000000E)
    __rt_final_cpp                           0x08000145   Thumb Code     0  entry10a.o(.ARM.Collect$$$$0000000F)
    __rt_final_exit                          0x08000145   Thumb Code     0  entry11a.o(.ARM.Collect$$$$00000011)
    SVC_Handler                              0x08000149   Thumb Code    32  port.o(.emb_text)
    __asm___6_port_c_39a90d8d__prvStartFirstTask 0x0800016d   Thumb Code    28  port.o(.emb_text)
    PendSV_Handler                           0x0800018d   Thumb Code    72  port.o(.emb_text)
    vPortGetIPSR                             0x080001d9   Thumb Code     6  port.o(.emb_text)
    Reset_Handler                            0x080001e1   Thumb Code     8  startup_stm32f103xe.o(.text)
    ADC1_2_IRQHandler                        0x080001fb   Thumb Code     0  startup_stm32f103xe.o(.text)
    ADC3_IRQHandler                          0x080001fb   Thumb Code     0  startup_stm32f103xe.o(.text)
    CAN1_RX1_IRQHandler                      0x080001fb   Thumb Code     0  startup_stm32f103xe.o(.text)
    CAN1_SCE_IRQHandler                      0x080001fb   Thumb Code     0  startup_stm32f103xe.o(.text)
    DMA1_Channel1_IRQHandler                 0x080001fb   Thumb Code     0  startup_stm32f103xe.o(.text)
    DMA1_Channel2_IRQHandler                 0x080001fb   Thumb Code     0  startup_stm32f103xe.o(.text)
    DMA1_Channel3_IRQHandler                 0x080001fb   Thumb Code     0  startup_stm32f103xe.o(.text)
    DMA1_Channel4_IRQHandler                 0x080001fb   Thumb Code     0  startup_stm32f103xe.o(.text)
    DMA1_Channel5_IRQHandler                 0x080001fb   Thumb Code     0  startup_stm32f103xe.o(.text)
    DMA1_Channel6_IRQHandler                 0x080001fb   Thumb Code     0  startup_stm32f103xe.o(.text)
    DMA1_Channel7_IRQHandler                 0x080001fb   Thumb Code     0  startup_stm32f103xe.o(.text)
    DMA2_Channel1_IRQHandler                 0x080001fb   Thumb Code     0  startup_stm32f103xe.o(.text)
    DMA2_Channel2_IRQHandler                 0x080001fb   Thumb Code     0  startup_stm32f103xe.o(.text)
    DMA2_Channel3_IRQHandler                 0x080001fb   Thumb Code     0  startup_stm32f103xe.o(.text)
    DMA2_Channel4_5_IRQHandler               0x080001fb   Thumb Code     0  startup_stm32f103xe.o(.text)
    EXTI0_IRQHandler                         0x080001fb   Thumb Code     0  startup_stm32f103xe.o(.text)
    EXTI1_IRQHandler                         0x080001fb   Thumb Code     0  startup_stm32f103xe.o(.text)
    EXTI2_IRQHandler                         0x080001fb   Thumb Code     0  startup_stm32f103xe.o(.text)
    EXTI3_IRQHandler                         0x080001fb   Thumb Code     0  startup_stm32f103xe.o(.text)
    EXTI4_IRQHandler                         0x080001fb   Thumb Code     0  startup_stm32f103xe.o(.text)
    FLASH_IRQHandler                         0x080001fb   Thumb Code     0  startup_stm32f103xe.o(.text)
    FSMC_IRQHandler                          0x080001fb   Thumb Code     0  startup_stm32f103xe.o(.text)
    I2C1_ER_IRQHandler                       0x080001fb   Thumb Code     0  startup_stm32f103xe.o(.text)
    I2C1_EV_IRQHandler                       0x080001fb   Thumb Code     0  startup_stm32f103xe.o(.text)
    I2C2_ER_IRQHandler                       0x080001fb   Thumb Code     0  startup_stm32f103xe.o(.text)
    I2C2_EV_IRQHandler                       0x080001fb   Thumb Code     0  startup_stm32f103xe.o(.text)
    PVD_IRQHandler                           0x080001fb   Thumb Code     0  startup_stm32f103xe.o(.text)
    RCC_IRQHandler                           0x080001fb   Thumb Code     0  startup_stm32f103xe.o(.text)
    RTC_Alarm_IRQHandler                     0x080001fb   Thumb Code     0  startup_stm32f103xe.o(.text)
    RTC_IRQHandler                           0x080001fb   Thumb Code     0  startup_stm32f103xe.o(.text)
    SDIO_IRQHandler                          0x080001fb   Thumb Code     0  startup_stm32f103xe.o(.text)
    SPI1_IRQHandler                          0x080001fb   Thumb Code     0  startup_stm32f103xe.o(.text)
    SPI2_IRQHandler                          0x080001fb   Thumb Code     0  startup_stm32f103xe.o(.text)
    SPI3_IRQHandler                          0x080001fb   Thumb Code     0  startup_stm32f103xe.o(.text)
    TAMPER_IRQHandler                        0x080001fb   Thumb Code     0  startup_stm32f103xe.o(.text)
    TIM1_BRK_IRQHandler                      0x080001fb   Thumb Code     0  startup_stm32f103xe.o(.text)
    TIM1_CC_IRQHandler                       0x080001fb   Thumb Code     0  startup_stm32f103xe.o(.text)
    TIM1_TRG_COM_IRQHandler                  0x080001fb   Thumb Code     0  startup_stm32f103xe.o(.text)
    TIM1_UP_IRQHandler                       0x080001fb   Thumb Code     0  startup_stm32f103xe.o(.text)
    TIM3_IRQHandler                          0x080001fb   Thumb Code     0  startup_stm32f103xe.o(.text)
    TIM4_IRQHandler                          0x080001fb   Thumb Code     0  startup_stm32f103xe.o(.text)
    TIM5_IRQHandler                          0x080001fb   Thumb Code     0  startup_stm32f103xe.o(.text)
    TIM6_IRQHandler                          0x080001fb   Thumb Code     0  startup_stm32f103xe.o(.text)
    TIM8_BRK_IRQHandler                      0x080001fb   Thumb Code     0  startup_stm32f103xe.o(.text)
    TIM8_CC_IRQHandler                       0x080001fb   Thumb Code     0  startup_stm32f103xe.o(.text)
    TIM8_TRG_COM_IRQHandler                  0x080001fb   Thumb Code     0  startup_stm32f103xe.o(.text)
    TIM8_UP_IRQHandler                       0x080001fb   Thumb Code     0  startup_stm32f103xe.o(.text)
    UART4_IRQHandler                         0x080001fb   Thumb Code     0  startup_stm32f103xe.o(.text)
    UART5_IRQHandler                         0x080001fb   Thumb Code     0  startup_stm32f103xe.o(.text)
    USART1_IRQHandler                        0x080001fb   Thumb Code     0  startup_stm32f103xe.o(.text)
    USART2_IRQHandler                        0x080001fb   Thumb Code     0  startup_stm32f103xe.o(.text)
    USART3_IRQHandler                        0x080001fb   Thumb Code     0  startup_stm32f103xe.o(.text)
    USBWakeUp_IRQHandler                     0x080001fb   Thumb Code     0  startup_stm32f103xe.o(.text)
    USB_HP_CAN1_TX_IRQHandler                0x080001fb   Thumb Code     0  startup_stm32f103xe.o(.text)
    USB_LP_CAN1_RX0_IRQHandler               0x080001fb   Thumb Code     0  startup_stm32f103xe.o(.text)
    WWDG_IRQHandler                          0x080001fb   Thumb Code     0  startup_stm32f103xe.o(.text)
    __aeabi_llsr                             0x08000205   Thumb Code    32  llushr.o(.text)
    _ll_ushift_r                             0x08000205   Thumb Code     0  llushr.o(.text)
    __aeabi_memset                           0x08000225   Thumb Code    14  memseta.o(.text)
    __aeabi_memset4                          0x08000225   Thumb Code     0  memseta.o(.text)
    __aeabi_memset8                          0x08000225   Thumb Code     0  memseta.o(.text)
    __aeabi_memclr                           0x08000233   Thumb Code     4  memseta.o(.text)
    __aeabi_memclr4                          0x08000233   Thumb Code     0  memseta.o(.text)
    __aeabi_memclr8                          0x08000233   Thumb Code     0  memseta.o(.text)
    _memset$wrapper                          0x08000237   Thumb Code    18  memseta.o(.text)
    strlen                                   0x08000249   Thumb Code    14  strlen.o(.text)
    strcpy                                   0x08000257   Thumb Code    18  strcpy.o(.text)
    __aeabi_uldivmod                         0x08000269   Thumb Code    98  uldiv.o(.text)
    __scatterload                            0x080002cd   Thumb Code    28  init.o(.text)
    __scatterload_rt2                        0x080002cd   Thumb Code     0  init.o(.text)
    __aeabi_llsl                             0x080002f1   Thumb Code    30  llshl.o(.text)
    _ll_shift_l                              0x080002f1   Thumb Code     0  llshl.o(.text)
    BusFault_Handler                         0x0800030f   Thumb Code     2  stm32f1xx_it.o(i.BusFault_Handler)
    DebugMon_Handler                         0x08000311   Thumb Code     2  stm32f1xx_it.o(i.DebugMon_Handler)
    EXTI15_10_IRQHandler                     0x08000313   Thumb Code    22  stm32f1xx_it.o(i.EXTI15_10_IRQHandler)
    EXTI9_5_IRQHandler                       0x08000329   Thumb Code    22  stm32f1xx_it.o(i.EXTI9_5_IRQHandler)
    Error_Handler                            0x0800033f   Thumb Code     4  main.o(i.Error_Handler)
    HAL_GPIO_EXTI_Callback                   0x08000345   Thumb Code    58  stm32f1xx_it.o(i.HAL_GPIO_EXTI_Callback)
    HAL_GPIO_EXTI_IRQHandler                 0x080003d5   Thumb Code    18  stm32f1xx_hal_gpio.o(i.HAL_GPIO_EXTI_IRQHandler)
    HAL_GPIO_Init                            0x080003ed   Thumb Code   462  stm32f1xx_hal_gpio.o(i.HAL_GPIO_Init)
    HAL_GPIO_TogglePin                       0x080005e5   Thumb Code    16  stm32f1xx_hal_gpio.o(i.HAL_GPIO_TogglePin)
    HAL_GPIO_WritePin                        0x080005f5   Thumb Code    10  stm32f1xx_hal_gpio.o(i.HAL_GPIO_WritePin)
    HAL_GetTick                              0x08000601   Thumb Code     6  stm32f1xx_hal.o(i.HAL_GetTick)
    HAL_IncTick                              0x0800060d   Thumb Code    12  stm32f1xx_hal.o(i.HAL_IncTick)
    HAL_Init                                 0x0800061d   Thumb Code    32  stm32f1xx_hal.o(i.HAL_Init)
    HAL_InitTick                             0x08000641   Thumb Code   132  stm32f1xx_hal_timebase_tim.o(i.HAL_InitTick)
    HAL_MspInit                              0x080006d9   Thumb Code    52  stm32f1xx_hal_msp.o(i.HAL_MspInit)
    HAL_NVIC_EnableIRQ                       0x08000715   Thumb Code    26  stm32f1xx_hal_cortex.o(i.HAL_NVIC_EnableIRQ)
    HAL_NVIC_SetPriority                     0x08000731   Thumb Code    60  stm32f1xx_hal_cortex.o(i.HAL_NVIC_SetPriority)
    HAL_NVIC_SetPriorityGrouping             0x08000771   Thumb Code    26  stm32f1xx_hal_cortex.o(i.HAL_NVIC_SetPriorityGrouping)
    HAL_RCC_ClockConfig                      0x08000795   Thumb Code   280  stm32f1xx_hal_rcc.o(i.HAL_RCC_ClockConfig)
    HAL_RCC_GetClockConfig                   0x080008c1   Thumb Code    54  stm32f1xx_hal_rcc.o(i.HAL_RCC_GetClockConfig)
    HAL_RCC_GetPCLK1Freq                     0x08000901   Thumb Code    20  stm32f1xx_hal_rcc.o(i.HAL_RCC_GetPCLK1Freq)
    HAL_RCC_GetPCLK2Freq                     0x08000921   Thumb Code    20  stm32f1xx_hal_rcc.o(i.HAL_RCC_GetPCLK2Freq)
    HAL_RCC_GetSysClockFreq                  0x08000941   Thumb Code    58  stm32f1xx_hal_rcc.o(i.HAL_RCC_GetSysClockFreq)
    HAL_RCC_OscConfig                        0x0800098d   Thumb Code   778  stm32f1xx_hal_rcc.o(i.HAL_RCC_OscConfig)
    HAL_TIMEx_BreakCallback                  0x08000cad   Thumb Code     2  stm32f1xx_hal_tim_ex.o(i.HAL_TIMEx_BreakCallback)
    HAL_TIMEx_CommutCallback                 0x08000caf   Thumb Code     2  stm32f1xx_hal_tim_ex.o(i.HAL_TIMEx_CommutCallback)
    HAL_TIMEx_MasterConfigSynchronization    0x08000cb1   Thumb Code   104  stm32f1xx_hal_tim_ex.o(i.HAL_TIMEx_MasterConfigSynchronization)
    HAL_TIM_Base_Init                        0x08000d2d   Thumb Code    90  stm32f1xx_hal_tim.o(i.HAL_TIM_Base_Init)
    HAL_TIM_Base_MspInit                     0x08000d89   Thumb Code    50  tim.o(i.HAL_TIM_Base_MspInit)
    HAL_TIM_Base_Start_IT                    0x08000dc1   Thumb Code    88  stm32f1xx_hal_tim.o(i.HAL_TIM_Base_Start_IT)
    HAL_TIM_ConfigClockSource                0x08000e2d   Thumb Code   220  stm32f1xx_hal_tim.o(i.HAL_TIM_ConfigClockSource)
    HAL_TIM_IC_CaptureCallback               0x08000f09   Thumb Code     2  stm32f1xx_hal_tim.o(i.HAL_TIM_IC_CaptureCallback)
    HAL_TIM_IRQHandler                       0x08000f0b   Thumb Code   304  stm32f1xx_hal_tim.o(i.HAL_TIM_IRQHandler)
    HAL_TIM_OC_DelayElapsedCallback          0x0800103b   Thumb Code     2  stm32f1xx_hal_tim.o(i.HAL_TIM_OC_DelayElapsedCallback)
    HAL_TIM_PWM_PulseFinishedCallback        0x0800103d   Thumb Code     2  stm32f1xx_hal_tim.o(i.HAL_TIM_PWM_PulseFinishedCallback)
    HAL_TIM_PeriodElapsedCallback            0x08001041   Thumb Code    34  main.o(i.HAL_TIM_PeriodElapsedCallback)
    HAL_TIM_TriggerCallback                  0x0800106d   Thumb Code     2  stm32f1xx_hal_tim.o(i.HAL_TIM_TriggerCallback)
    HAL_UART_Init                            0x0800106f   Thumb Code   100  stm32f1xx_hal_uart.o(i.HAL_UART_Init)
    HAL_UART_MspInit                         0x080010d5   Thumb Code   100  usart.o(i.HAL_UART_MspInit)
    HAL_UART_Transmit                        0x08001145   Thumb Code   160  stm32f1xx_hal_uart.o(i.HAL_UART_Transmit)
    HardFault_Handler                        0x080011e5   Thumb Code     2  stm32f1xx_it.o(i.HardFault_Handler)
    MX_GPIO_Init                             0x080011e9   Thumb Code   186  gpio.o(i.MX_GPIO_Init)
    MX_TIM2_Init                             0x080012b9   Thumb Code    94  tim.o(i.MX_TIM2_Init)
    MX_USART1_UART_Init                      0x0800131d   Thumb Code    48  usart.o(i.MX_USART1_UART_Init)
    MemManage_Handler                        0x08001355   Thumb Code     2  stm32f1xx_it.o(i.MemManage_Handler)
    NMI_Handler                              0x08001357   Thumb Code     2  stm32f1xx_it.o(i.NMI_Handler)
    SysTick_Handler                          0x08001359   Thumb Code    20  stm32f1xx_it.o(i.SysTick_Handler)
    SystemClock_Config                       0x0800136d   Thumb Code    94  main.o(i.SystemClock_Config)
    SystemInit                               0x080013cb   Thumb Code     2  system_stm32f1xx.o(i.SystemInit)
    TIM2_IRQHandler                          0x080013cd   Thumb Code     6  stm32f1xx_it.o(i.TIM2_IRQHandler)
    TIM7_IRQHandler                          0x080013d9   Thumb Code     6  stm32f1xx_it.o(i.TIM7_IRQHandler)
    TIM_Base_SetConfig                       0x080013e5   Thumb Code   134  stm32f1xx_hal_tim.o(i.TIM_Base_SetConfig)
    TIM_ETR_SetConfig                        0x08001481   Thumb Code    20  stm32f1xx_hal_tim.o(i.TIM_ETR_SetConfig)
    UsageFault_Handler                       0x08001663   Thumb Code     2  stm32f1xx_it.o(i.UsageFault_Handler)
    __0printf$8                              0x08001665   Thumb Code    22  printf8.o(i.__0printf$8)
    __1printf$8                              0x08001665   Thumb Code     0  printf8.o(i.__0printf$8)
    __2printf                                0x08001665   Thumb Code     0  printf8.o(i.__0printf$8)
    __0snprintf$8                            0x08001685   Thumb Code    48  printf8.o(i.__0snprintf$8)
    __1snprintf$8                            0x08001685   Thumb Code     0  printf8.o(i.__0snprintf$8)
    __2snprintf                              0x08001685   Thumb Code     0  printf8.o(i.__0snprintf$8)
    __scatterload_copy                       0x080016d9   Thumb Code    14  handlers.o(i.__scatterload_copy)
    __scatterload_null                       0x080016e7   Thumb Code     2  handlers.o(i.__scatterload_null)
    __scatterload_zeroinit                   0x080016e9   Thumb Code    14  handlers.o(i.__scatterload_zeroinit)
    eTaskGetState                            0x08001b65   Thumb Code   102  tasks.o(i.eTaskGetState)
    fputc                                    0x08001bd5   Thumb Code    20  usart.o(i.fputc)
    freertos_start                           0x08001bed   Thumb Code    30  freertos_demo.o(i.freertos_start)
    main                                     0x08001c21   Thumb Code    38  main.o(i.main)
    pvPortMalloc                             0x0800204d   Thumb Code   168  heap_4.o(i.pvPortMalloc)
    pxPortInitialiseStack                    0x080020f9   Thumb Code    32  port.o(i.pxPortInitialiseStack)
    start_task                               0x0800211d   Thumb Code    64  freertos_demo.o(i.start_task)
    task1                                    0x08002179   Thumb Code    28  freertos_demo.o(i.task1)
    task2                                    0x080021ad   Thumb Code   268  freertos_demo.o(i.task2)
    ulTaskGetRunTimeCounter                  0x08002445   Thumb Code    46  tasks.o(i.ulTaskGetRunTimeCounter)
    uxListRemove                             0x0800247d   Thumb Code    36  list.o(i.uxListRemove)
    uxTaskGetNumberOfTasks                   0x080024a1   Thumb Code     6  tasks.o(i.uxTaskGetNumberOfTasks)
    uxTaskGetStackHighWaterMark              0x080024ad   Thumb Code    12  tasks.o(i.uxTaskGetStackHighWaterMark)
    uxTaskGetSystemState                     0x080024bd   Thumb Code   162  tasks.o(i.uxTaskGetSystemState)
    uxTaskPriorityGet                        0x0800256d   Thumb Code    24  tasks.o(i.uxTaskPriorityGet)
    vListInitialise                          0x08002589   Thumb Code    22  list.o(i.vListInitialise)
    vListInitialiseItem                      0x0800259f   Thumb Code     6  list.o(i.vListInitialiseItem)
    vListInsert                              0x080025a5   Thumb Code    48  list.o(i.vListInsert)
    vListInsertEnd                           0x080025d5   Thumb Code    24  list.o(i.vListInsertEnd)
    vPortEnterCritical                       0x080025ed   Thumb Code    24  port.o(i.vPortEnterCritical)
    vPortExitCritical                        0x08002609   Thumb Code    16  port.o(i.vPortExitCritical)
    vPortFree                                0x0800261d   Thumb Code    64  heap_4.o(i.vPortFree)
    vPortSetupTimerInterrupt                 0x08002661   Thumb Code    20  port.o(i.vPortSetupTimerInterrupt)
    vTaskDelay                               0x08002679   Thumb Code    44  tasks.o(i.vTaskDelay)
    vTaskDelete                              0x080026a9   Thumb Code   154  tasks.o(i.vTaskDelete)
    vTaskGetInfo                             0x08002751   Thumb Code   154  tasks.o(i.vTaskGetInfo)
    vTaskGetRunTimeStatistics                0x080027f5   Thumb Code   188  tasks.o(i.vTaskGetRunTimeStatistics)
    vTaskListTasks                           0x080028cd   Thumb Code   198  tasks.o(i.vTaskListTasks)
    vTaskPrioritySet                         0x080029a9   Thumb Code   192  tasks.o(i.vTaskPrioritySet)
    vTaskStartScheduler                      0x08002a75   Thumb Code   100  tasks.o(i.vTaskStartScheduler)
    vTaskSuspendAll                          0x08002aed   Thumb Code    10  tasks.o(i.vTaskSuspendAll)
    vTaskSwitchContext                       0x08002afd   Thumb Code   104  tasks.o(i.vTaskSwitchContext)
    xPortStartScheduler                      0x08002b71   Thumb Code    38  port.o(i.xPortStartScheduler)
    xPortSysTickHandler                      0x08002ba1   Thumb Code    38  port.o(i.xPortSysTickHandler)
    xTaskCreate                              0x08002bcd   Thumb Code    92  tasks.o(i.xTaskCreate)
    xTaskGetCurrentTaskHandle                0x08002c29   Thumb Code     6  tasks.o(i.xTaskGetCurrentTaskHandle)
    xTaskGetHandle                           0x08002c35   Thumb Code   100  tasks.o(i.xTaskGetHandle)
    xTaskGetSchedulerState                   0x08002ca1   Thumb Code    22  tasks.o(i.xTaskGetSchedulerState)
    xTaskIncrementTick                       0x08002cbd   Thumb Code   286  tasks.o(i.xTaskIncrementTick)
    xTaskResumeAll                           0x08002de5   Thumb Code   286  tasks.o(i.xTaskResumeAll)
    AHBPrescTable                            0x08002f22   Data          16  system_stm32f1xx.o(.constdata)
    APBPrescTable                            0x08002f32   Data           8  system_stm32f1xx.o(.constdata)
    Region$$Table$$Base                      0x08002f84   Number         0  anon$$obj.o(Region$$Table)
    Region$$Table$$Limit                     0x08002fa4   Number         0  anon$$obj.o(Region$$Table)
    start_task_handle                        0x20000000   Data           4  freertos_demo.o(.data)
    task1_handle                             0x20000004   Data           4  freertos_demo.o(.data)
    task2_handle                             0x20000008   Data           4  freertos_demo.o(.data)
    key3_is_pressed                          0x2000000c   Data           1  main.o(.data)
    ulHighFrequencyTimerTicks                0x20000010   Data           4  main.o(.data)
    uwTickFreq                               0x20000014   Data           1  stm32f1xx_hal.o(.data)
    uwTickPrio                               0x20000018   Data           4  stm32f1xx_hal.o(.data)
    uwTick                                   0x2000001c   Data           4  stm32f1xx_hal.o(.data)
    SystemCoreClock                          0x20000020   Data           4  system_stm32f1xx.o(.data)
    pxCurrentTCB                             0x20000044   Data           4  tasks.o(.data)
    __stdout                                 0x2000008c   Data           4  stdout.o(.data)
    htim2                                    0x20000090   Data          72  tim.o(.bss)
    huart1                                   0x200000d8   Data          72  usart.o(.bss)
    htim7                                    0x20000120   Data          72  stm32f1xx_hal_timebase_tim.o(.bss)
    __initial_sp                             0x20004a30   Data           0  startup_stm32f103xe.o(STACK)



==============================================================================

Memory Map of the image

  Image Entry point : 0x08000131

  Load Region LR_IROM1 (Base: 0x08000000, Size: 0x00003034, Max: 0x00080000, ABSOLUTE)

    Execution Region ER_IROM1 (Exec base: 0x08000000, Load base: 0x08000000, Size: 0x00002fa4, Max: 0x00080000, ABSOLUTE)

    Exec Addr    Load Addr    Size         Type   Attr      Idx    E Section Name        Object

    0x08000000   0x08000000   0x00000130   Data   RO            3    RESET               startup_stm32f103xe.o
    0x08000130   0x08000130   0x00000000   Code   RO         3953  * .ARM.Collect$$$$00000000  mc_w.l(entry.o)
    0x08000130   0x08000130   0x00000004   Code   RO         4229    .ARM.Collect$$$$00000001  mc_w.l(entry2.o)
    0x08000134   0x08000134   0x00000004   Code   RO         4232    .ARM.Collect$$$$00000004  mc_w.l(entry5.o)
    0x08000138   0x08000138   0x00000000   Code   RO         4234    .ARM.Collect$$$$00000008  mc_w.l(entry7b.o)
    0x08000138   0x08000138   0x00000000   Code   RO         4236    .ARM.Collect$$$$0000000A  mc_w.l(entry8b.o)
    0x08000138   0x08000138   0x00000008   Code   RO         4237    .ARM.Collect$$$$0000000B  mc_w.l(entry9a.o)
    0x08000140   0x08000140   0x00000004   Code   RO         4244    .ARM.Collect$$$$0000000E  mc_w.l(entry12b.o)
    0x08000144   0x08000144   0x00000000   Code   RO         4239    .ARM.Collect$$$$0000000F  mc_w.l(entry10a.o)
    0x08000144   0x08000144   0x00000000   Code   RO         4241    .ARM.Collect$$$$00000011  mc_w.l(entry11a.o)
    0x08000144   0x08000144   0x00000004   Code   RO         4230    .ARM.Collect$$$$00002712  mc_w.l(entry2.o)
    0x08000148   0x08000148   0x00000096   Code   RO         2996    .emb_text           port.o
    0x080001de   0x080001de   0x00000002   PAD
    0x080001e0   0x080001e0   0x00000024   Code   RO            4    .text               startup_stm32f103xe.o
    0x08000204   0x08000204   0x00000020   Code   RO         3956    .text               mc_w.l(llushr.o)
    0x08000224   0x08000224   0x00000024   Code   RO         3960    .text               mc_w.l(memseta.o)
    0x08000248   0x08000248   0x0000000e   Code   RO         3962    .text               mc_w.l(strlen.o)
    0x08000256   0x08000256   0x00000012   Code   RO         3964    .text               mc_w.l(strcpy.o)
    0x08000268   0x08000268   0x00000062   Code   RO         4248    .text               mc_w.l(uldiv.o)
    0x080002ca   0x080002ca   0x00000002   PAD
    0x080002cc   0x080002cc   0x00000024   Code   RO         4261    .text               mc_w.l(init.o)
    0x080002f0   0x080002f0   0x0000001e   Code   RO         4263    .text               mc_w.l(llshl.o)
    0x0800030e   0x0800030e   0x00000002   Code   RO          361    i.BusFault_Handler  stm32f1xx_it.o
    0x08000310   0x08000310   0x00000002   Code   RO          362    i.DebugMon_Handler  stm32f1xx_it.o
    0x08000312   0x08000312   0x00000016   Code   RO          363    i.EXTI15_10_IRQHandler  stm32f1xx_it.o
    0x08000328   0x08000328   0x00000016   Code   RO          364    i.EXTI9_5_IRQHandler  stm32f1xx_it.o
    0x0800033e   0x0800033e   0x00000004   Code   RO          183    i.Error_Handler     main.o
    0x08000342   0x08000342   0x00000002   PAD
    0x08000344   0x08000344   0x00000090   Code   RO          365    i.HAL_GPIO_EXTI_Callback  stm32f1xx_it.o
    0x080003d4   0x080003d4   0x00000018   Code   RO         1849    i.HAL_GPIO_EXTI_IRQHandler  stm32f1xx_hal_gpio.o
    0x080003ec   0x080003ec   0x000001f8   Code   RO         1850    i.HAL_GPIO_Init     stm32f1xx_hal_gpio.o
    0x080005e4   0x080005e4   0x00000010   Code   RO         1853    i.HAL_GPIO_TogglePin  stm32f1xx_hal_gpio.o
    0x080005f4   0x080005f4   0x0000000a   Code   RO         1854    i.HAL_GPIO_WritePin  stm32f1xx_hal_gpio.o
    0x080005fe   0x080005fe   0x00000002   PAD
    0x08000600   0x08000600   0x0000000c   Code   RO         1544    i.HAL_GetTick       stm32f1xx_hal.o
    0x0800060c   0x0800060c   0x00000010   Code   RO         1550    i.HAL_IncTick       stm32f1xx_hal.o
    0x0800061c   0x0800061c   0x00000024   Code   RO         1551    i.HAL_Init          stm32f1xx_hal.o
    0x08000640   0x08000640   0x00000098   Code   RO          485    i.HAL_InitTick      stm32f1xx_hal_timebase_tim.o
    0x080006d8   0x080006d8   0x0000003c   Code   RO          461    i.HAL_MspInit       stm32f1xx_hal_msp.o
    0x08000714   0x08000714   0x0000001a   Code   RO         2010    i.HAL_NVIC_EnableIRQ  stm32f1xx_hal_cortex.o
    0x0800072e   0x0800072e   0x00000002   PAD
    0x08000730   0x08000730   0x00000040   Code   RO         2016    i.HAL_NVIC_SetPriority  stm32f1xx_hal_cortex.o
    0x08000770   0x08000770   0x00000024   Code   RO         2017    i.HAL_NVIC_SetPriorityGrouping  stm32f1xx_hal_cortex.o
    0x08000794   0x08000794   0x0000012c   Code   RO         1708    i.HAL_RCC_ClockConfig  stm32f1xx_hal_rcc.o
    0x080008c0   0x080008c0   0x00000040   Code   RO         1712    i.HAL_RCC_GetClockConfig  stm32f1xx_hal_rcc.o
    0x08000900   0x08000900   0x00000020   Code   RO         1715    i.HAL_RCC_GetPCLK1Freq  stm32f1xx_hal_rcc.o
    0x08000920   0x08000920   0x00000020   Code   RO         1716    i.HAL_RCC_GetPCLK2Freq  stm32f1xx_hal_rcc.o
    0x08000940   0x08000940   0x0000004c   Code   RO         1717    i.HAL_RCC_GetSysClockFreq  stm32f1xx_hal_rcc.o
    0x0800098c   0x0800098c   0x00000320   Code   RO         1720    i.HAL_RCC_OscConfig  stm32f1xx_hal_rcc.o
    0x08000cac   0x08000cac   0x00000002   Code   RO         1266    i.HAL_TIMEx_BreakCallback  stm32f1xx_hal_tim_ex.o
    0x08000cae   0x08000cae   0x00000002   Code   RO         1267    i.HAL_TIMEx_CommutCallback  stm32f1xx_hal_tim_ex.o
    0x08000cb0   0x08000cb0   0x0000007c   Code   RO         1285    i.HAL_TIMEx_MasterConfigSynchronization  stm32f1xx_hal_tim_ex.o
    0x08000d2c   0x08000d2c   0x0000005a   Code   RO          562    i.HAL_TIM_Base_Init  stm32f1xx_hal_tim.o
    0x08000d86   0x08000d86   0x00000002   PAD
    0x08000d88   0x08000d88   0x00000038   Code   RO          272    i.HAL_TIM_Base_MspInit  tim.o
    0x08000dc0   0x08000dc0   0x0000006c   Code   RO          567    i.HAL_TIM_Base_Start_IT  stm32f1xx_hal_tim.o
    0x08000e2c   0x08000e2c   0x000000dc   Code   RO          571    i.HAL_TIM_ConfigClockSource  stm32f1xx_hal_tim.o
    0x08000f08   0x08000f08   0x00000002   Code   RO          596    i.HAL_TIM_IC_CaptureCallback  stm32f1xx_hal_tim.o
    0x08000f0a   0x08000f0a   0x00000130   Code   RO          610    i.HAL_TIM_IRQHandler  stm32f1xx_hal_tim.o
    0x0800103a   0x0800103a   0x00000002   Code   RO          613    i.HAL_TIM_OC_DelayElapsedCallback  stm32f1xx_hal_tim.o
    0x0800103c   0x0800103c   0x00000002   Code   RO          640    i.HAL_TIM_PWM_PulseFinishedCallback  stm32f1xx_hal_tim.o
    0x0800103e   0x0800103e   0x00000002   PAD
    0x08001040   0x08001040   0x0000002c   Code   RO          184    i.HAL_TIM_PeriodElapsedCallback  main.o
    0x0800106c   0x0800106c   0x00000002   Code   RO          653    i.HAL_TIM_TriggerCallback  stm32f1xx_hal_tim.o
    0x0800106e   0x0800106e   0x00000064   Code   RO         2540    i.HAL_UART_Init     stm32f1xx_hal_uart.o
    0x080010d2   0x080010d2   0x00000002   PAD
    0x080010d4   0x080010d4   0x00000070   Code   RO          314    i.HAL_UART_MspInit  usart.o
    0x08001144   0x08001144   0x000000a0   Code   RO         2548    i.HAL_UART_Transmit  stm32f1xx_hal_uart.o
    0x080011e4   0x080011e4   0x00000002   Code   RO          366    i.HardFault_Handler  stm32f1xx_it.o
    0x080011e6   0x080011e6   0x00000002   PAD
    0x080011e8   0x080011e8   0x000000d0   Code   RO          247    i.MX_GPIO_Init      gpio.o
    0x080012b8   0x080012b8   0x00000064   Code   RO          273    i.MX_TIM2_Init      tim.o
    0x0800131c   0x0800131c   0x00000038   Code   RO          315    i.MX_USART1_UART_Init  usart.o
    0x08001354   0x08001354   0x00000002   Code   RO          367    i.MemManage_Handler  stm32f1xx_it.o
    0x08001356   0x08001356   0x00000002   Code   RO          368    i.NMI_Handler       stm32f1xx_it.o
    0x08001358   0x08001358   0x00000014   Code   RO          369    i.SysTick_Handler   stm32f1xx_it.o
    0x0800136c   0x0800136c   0x0000005e   Code   RO          185    i.SystemClock_Config  main.o
    0x080013ca   0x080013ca   0x00000002   Code   RO         2874    i.SystemInit        system_stm32f1xx.o
    0x080013cc   0x080013cc   0x0000000c   Code   RO          370    i.TIM2_IRQHandler   stm32f1xx_it.o
    0x080013d8   0x080013d8   0x0000000c   Code   RO          371    i.TIM7_IRQHandler   stm32f1xx_it.o
    0x080013e4   0x080013e4   0x0000009c   Code   RO          655    i.TIM_Base_SetConfig  stm32f1xx_hal_tim.o
    0x08001480   0x08001480   0x00000014   Code   RO          666    i.TIM_ETR_SetConfig  stm32f1xx_hal_tim.o
    0x08001494   0x08001494   0x00000010   Code   RO          667    i.TIM_ITRx_SetConfig  stm32f1xx_hal_tim.o
    0x080014a4   0x080014a4   0x00000022   Code   RO          673    i.TIM_TI1_ConfigInputStage  stm32f1xx_hal_tim.o
    0x080014c6   0x080014c6   0x00000024   Code   RO          675    i.TIM_TI2_ConfigInputStage  stm32f1xx_hal_tim.o
    0x080014ea   0x080014ea   0x0000004e   Code   RO         2563    i.UART_EndRxTransfer  stm32f1xx_hal_uart.o
    0x08001538   0x08001538   0x000000b8   Code   RO         2566    i.UART_SetConfig    stm32f1xx_hal_uart.o
    0x080015f0   0x080015f0   0x00000072   Code   RO         2569    i.UART_WaitOnFlagUntilTimeout  stm32f1xx_hal_uart.o
    0x08001662   0x08001662   0x00000002   Code   RO          372    i.UsageFault_Handler  stm32f1xx_it.o
    0x08001664   0x08001664   0x00000020   Code   RO         4175    i.__0printf$8       mc_w.l(printf8.o)
    0x08001684   0x08001684   0x00000034   Code   RO         4176    i.__0snprintf$8     mc_w.l(printf8.o)
    0x080016b8   0x080016b8   0x00000020   Code   RO         2023    i.__NVIC_SetPriority  stm32f1xx_hal_cortex.o
    0x080016d8   0x080016d8   0x0000000e   Code   RO         4271    i.__scatterload_copy  mc_w.l(handlers.o)
    0x080016e6   0x080016e6   0x00000002   Code   RO         4272    i.__scatterload_null  mc_w.l(handlers.o)
    0x080016e8   0x080016e8   0x0000000e   Code   RO         4273    i.__scatterload_zeroinit  mc_w.l(handlers.o)
    0x080016f6   0x080016f6   0x00000002   PAD
    0x080016f8   0x080016f8   0x00000404   Code   RO         4182    i._printf_core      mc_w.l(printf8.o)
    0x08001afc   0x08001afc   0x00000024   Code   RO         4183    i._printf_post_padding  mc_w.l(printf8.o)
    0x08001b20   0x08001b20   0x0000002e   Code   RO         4184    i._printf_pre_padding  mc_w.l(printf8.o)
    0x08001b4e   0x08001b4e   0x00000016   Code   RO         4185    i._snputc           mc_w.l(printf8.o)
    0x08001b64   0x08001b64   0x00000070   Code   RO         3539    i.eTaskGetState     tasks.o
    0x08001bd4   0x08001bd4   0x00000018   Code   RO          316    i.fputc             usart.o
    0x08001bec   0x08001bec   0x00000034   Code   RO           13    i.freertos_start    freertos_demo.o
    0x08001c20   0x08001c20   0x0000003c   Code   RO          186    i.main              main.o
    0x08001c5c   0x08001c5c   0x00000090   Code   RO         3541    i.prvAddCurrentTaskToDelayedList  tasks.o
    0x08001cec   0x08001cec   0x000000f0   Code   RO         3542    i.prvAddNewTaskToReadyList  tasks.o
    0x08001ddc   0x08001ddc   0x0000003c   Code   RO         3543    i.prvCheckTasksWaitingTermination  tasks.o
    0x08001e18   0x08001e18   0x00000014   Code   RO         3544    i.prvDeleteTCB      tasks.o
    0x08001e2c   0x08001e2c   0x00000044   Code   RO         2908    i.prvHeapInit       heap_4.o
    0x08001e70   0x08001e70   0x00000028   Code   RO         3545    i.prvIdleTask       tasks.o
    0x08001e98   0x08001e98   0x00000082   Code   RO         3546    i.prvInitialiseNewTask  tasks.o
    0x08001f1a   0x08001f1a   0x00000002   PAD
    0x08001f1c   0x08001f1c   0x0000004c   Code   RO         2909    i.prvInsertBlockIntoFreeList  heap_4.o
    0x08001f68   0x08001f68   0x00000038   Code   RO         3547    i.prvListTasksWithinSingleList  tasks.o
    0x08001fa0   0x08001fa0   0x0000001c   Code   RO         3548    i.prvResetNextTaskUnblockTime  tasks.o
    0x08001fbc   0x08001fbc   0x0000003c   Code   RO         3549    i.prvSearchForNameWithinSingleList  tasks.o
    0x08001ff8   0x08001ff8   0x00000010   Code   RO         3550    i.prvSnprintfReturnValueToCharsWritten  tasks.o
    0x08002008   0x08002008   0x00000012   Code   RO         3551    i.prvTaskCheckFreeStackSpace  tasks.o
    0x0800201a   0x0800201a   0x00000010   Code   RO         2997    i.prvTaskExitError  port.o
    0x0800202a   0x0800202a   0x00000022   Code   RO         3553    i.prvWriteNameToBuffer  tasks.o
    0x0800204c   0x0800204c   0x000000ac   Code   RO         2911    i.pvPortMalloc      heap_4.o
    0x080020f8   0x080020f8   0x00000024   Code   RO         2998    i.pxPortInitialiseStack  port.o
    0x0800211c   0x0800211c   0x0000005c   Code   RO           14    i.start_task        freertos_demo.o
    0x08002178   0x08002178   0x00000034   Code   RO           15    i.task1             freertos_demo.o
    0x080021ac   0x080021ac   0x00000298   Code   RO           16    i.task2             freertos_demo.o
    0x08002444   0x08002444   0x00000038   Code   RO         3556    i.ulTaskGetRunTimeCounter  tasks.o
    0x0800247c   0x0800247c   0x00000024   Code   RO         3171    i.uxListRemove      list.o
    0x080024a0   0x080024a0   0x0000000c   Code   RO         3558    i.uxTaskGetNumberOfTasks  tasks.o
    0x080024ac   0x080024ac   0x00000010   Code   RO         3559    i.uxTaskGetStackHighWaterMark  tasks.o
    0x080024bc   0x080024bc   0x000000b0   Code   RO         3560    i.uxTaskGetSystemState  tasks.o
    0x0800256c   0x0800256c   0x0000001c   Code   RO         3562    i.uxTaskPriorityGet  tasks.o
    0x08002588   0x08002588   0x00000016   Code   RO         3172    i.vListInitialise   list.o
    0x0800259e   0x0800259e   0x00000006   Code   RO         3173    i.vListInitialiseItem  list.o
    0x080025a4   0x080025a4   0x00000030   Code   RO         3174    i.vListInsert       list.o
    0x080025d4   0x080025d4   0x00000018   Code   RO         3175    i.vListInsertEnd    list.o
    0x080025ec   0x080025ec   0x0000001c   Code   RO         3000    i.vPortEnterCritical  port.o
    0x08002608   0x08002608   0x00000014   Code   RO         3001    i.vPortExitCritical  port.o
    0x0800261c   0x0800261c   0x00000044   Code   RO         2912    i.vPortFree         heap_4.o
    0x08002660   0x08002660   0x00000018   Code   RO         3002    i.vPortSetupTimerInterrupt  port.o
    0x08002678   0x08002678   0x00000030   Code   RO         3565    i.vTaskDelay        tasks.o
    0x080026a8   0x080026a8   0x000000a8   Code   RO         3566    i.vTaskDelete       tasks.o
    0x08002750   0x08002750   0x000000a4   Code   RO         3569    i.vTaskGetInfo      tasks.o
    0x080027f4   0x080027f4   0x000000d8   Code   RO         3570    i.vTaskGetRunTimeStatistics  tasks.o
    0x080028cc   0x080028cc   0x000000dc   Code   RO         3572    i.vTaskListTasks    tasks.o
    0x080029a8   0x080029a8   0x000000cc   Code   RO         3576    i.vTaskPrioritySet  tasks.o
    0x08002a74   0x08002a74   0x00000078   Code   RO         3582    i.vTaskStartScheduler  tasks.o
    0x08002aec   0x08002aec   0x00000010   Code   RO         3584    i.vTaskSuspendAll   tasks.o
    0x08002afc   0x08002afc   0x00000074   Code   RO         3585    i.vTaskSwitchContext  tasks.o
    0x08002b70   0x08002b70   0x00000030   Code   RO         3003    i.xPortStartScheduler  port.o
    0x08002ba0   0x08002ba0   0x0000002c   Code   RO         3004    i.xPortSysTickHandler  port.o
    0x08002bcc   0x08002bcc   0x0000005c   Code   RO         3588    i.xTaskCreate       tasks.o
    0x08002c28   0x08002c28   0x0000000c   Code   RO         3594    i.xTaskGetCurrentTaskHandle  tasks.o
    0x08002c34   0x08002c34   0x0000006c   Code   RO         3596    i.xTaskGetHandle    tasks.o
    0x08002ca0   0x08002ca0   0x0000001c   Code   RO         3597    i.xTaskGetSchedulerState  tasks.o
    0x08002cbc   0x08002cbc   0x00000128   Code   RO         3600    i.xTaskIncrementTick  tasks.o
    0x08002de4   0x08002de4   0x0000012c   Code   RO         3602    i.xTaskResumeAll    tasks.o
    0x08002f10   0x08002f10   0x00000012   Data   RO         1721    .constdata          stm32f1xx_hal_rcc.o
    0x08002f22   0x08002f22   0x00000010   Data   RO         2875    .constdata          system_stm32f1xx.o
    0x08002f32   0x08002f32   0x00000008   Data   RO         2876    .constdata          system_stm32f1xx.o
    0x08002f3a   0x08002f3a   0x00000002   PAD
    0x08002f3c   0x08002f3c   0x00000045   Data   RO           17    .conststring        freertos_demo.o
    0x08002f81   0x08002f81   0x00000003   PAD
    0x08002f84   0x08002f84   0x00000020   Data   RO         4269    Region$$Table       anon$$obj.o


    Execution Region RW_IRAM1 (Exec base: 0x20000000, Load base: 0x08002fa4, Size: 0x00004a30, Max: 0x00010000, ABSOLUTE)

    Exec Addr    Load Addr    Size         Type   Attr      Idx    E Section Name        Object

    0x20000000   0x08002fa4   0x0000000c   Data   RW           18    .data               freertos_demo.o
    0x2000000c   0x08002fb0   0x00000001   Data   RW          187    .data               main.o
    0x2000000d   0x08002fb1   0x00000003   PAD
    0x20000010   0x08002fb4   0x00000004   Data   RW          188    .data               main.o
    0x20000014   0x08002fb8   0x0000000c   Data   RW         1558    .data               stm32f1xx_hal.o
    0x20000020   0x08002fc4   0x00000004   Data   RW         2877    .data               system_stm32f1xx.o
    0x20000024   0x08002fc8   0x0000001c   Data   RW         2920    .data               heap_4.o
    0x20000040   0x08002fe4   0x00000004   Data   RW         3005    .data               port.o
    0x20000044   0x08002fe8   0x00000048   Data   RW         3605    .data               tasks.o
    0x2000008c   0x08003030   0x00000004   Data   RW         4245    .data               mc_w.l(stdout.o)
    0x20000090        -       0x00000048   Zero   RW          274    .bss                tim.o
    0x200000d8        -       0x00000048   Zero   RW          317    .bss                usart.o
    0x20000120        -       0x00000048   Zero   RW          488    .bss                stm32f1xx_hal_timebase_tim.o
    0x20000168        -       0x00004400   Zero   RW         2919    .bss                heap_4.o
    0x20004568        -       0x000000c8   Zero   RW         3604    .bss                tasks.o
    0x20004630        -       0x00000400   Zero   RW            1    STACK               startup_stm32f103xe.o


==============================================================================

Image component sizes


      Code (inc. data)   RO Data    RW Data    ZI Data      Debug   Object Name

       860        470         69         12          0     505210   freertos_demo.o
       208         22          0          0          0       1023   gpio.o
       384         20          0         28      17408       7959   heap_4.o
       136          0          0          0          0       3358   list.o
       202         32          0          5          0       4232   main.o
       366         44          0          4          0       9548   port.o
        36          8        304          0       1024        816   startup_stm32f103xe.o
        64         14          0         12          0       5430   stm32f1xx_hal.o
       158         14          0          0          0      28358   stm32f1xx_hal_cortex.o
       554         48          0          0          0       4256   stm32f1xx_hal_gpio.o
        60          8          0          0          0        934   stm32f1xx_hal_msp.o
      1304         94         18          0          0       5949   stm32f1xx_hal_rcc.o
       992         42          0          0          0      10301   stm32f1xx_hal_tim.o
       128         20          0          0          0       2521   stm32f1xx_hal_tim_ex.o
       152         20          0          0         72       1567   stm32f1xx_hal_timebase_tim.o
       636          6          0          0          0       4816   stm32f1xx_hal_uart.o
       244         98          0          0          0       5856   stm32f1xx_it.o
         2          0         24          4          0       1203   system_stm32f1xx.o
      3354        268          0         72        200      43821   tasks.o
       156         12          0          0         72       1782   tim.o
       192         24          0          0         72       2306   usart.o

    ----------------------------------------------------------------------
     10206       1264        452        140      18848     651246   Object Totals
         0          0         32          0          0          0   (incl. Generated)
        18          0          5          3          0          0   (incl. Padding)

    ----------------------------------------------------------------------

      Code (inc. data)   RO Data    RW Data    ZI Data      Debug   Library Member Name

         0          0          0          0          0          0   entry.o
         0          0          0          0          0          0   entry10a.o
         0          0          0          0          0          0   entry11a.o
         4          0          0          0          0          0   entry12b.o
         8          4          0          0          0          0   entry2.o
         4          0          0          0          0          0   entry5.o
         0          0          0          0          0          0   entry7b.o
         0          0          0          0          0          0   entry8b.o
         8          4          0          0          0          0   entry9a.o
        30          0          0          0          0          0   handlers.o
        36          8          0          0          0         68   init.o
        30          0          0          0          0         68   llshl.o
        32          0          0          0          0         68   llushr.o
        36          0          0          0          0        108   memseta.o
      1216         58          0          0          0        508   printf8.o
         0          0          0          4          0          0   stdout.o
        18          0          0          0          0         68   strcpy.o
        14          0          0          0          0         68   strlen.o
        98          0          0          0          0         92   uldiv.o

    ----------------------------------------------------------------------
      1538         74          0          4          0       1048   Library Totals
         4          0          0          0          0          0   (incl. Padding)

    ----------------------------------------------------------------------

      Code (inc. data)   RO Data    RW Data    ZI Data      Debug   Library Name

      1534         74          0          4          0       1048   mc_w.l

    ----------------------------------------------------------------------
      1538         74          0          4          0       1048   Library Totals

    ----------------------------------------------------------------------

==============================================================================


      Code (inc. data)   RO Data    RW Data    ZI Data      Debug   

     11744       1338        452        144      18848     646102   Grand Totals
     11744       1338        452        144      18848     646102   ELF Image Totals
     11744       1338        452        144          0          0   ROM Totals

==============================================================================

    Total RO  Size (Code + RO Data)                12196 (  11.91kB)
    Total RW  Size (RW Data + ZI Data)             18992 (  18.55kB)
    Total ROM Size (Code + RO Data + RW Data)      12340 (  12.05kB)

==============================================================================

